08:31:34 **** Auto Build of configuration Debug for project feed_chacah ****
make all 
Building file: ../src/main.c
Invoking: MicroBlaze gcc compiler
mb-gcc -Wall -O0 -g3 -c -fmessage-length=0 -MT"src/main.o" -I../../feed_chacah_bsp/microblaze_0/include -mlittle-endian -mcpu=v9.6 -mxl-soft-mul -Wl,--no-relax -MMD -MP -MF"src/main.d" -MT"src/main.o" -o "src/main.o" "../src/main.c"
Finished building: ../src/main.c
 
Building target: feed_chacah.elf
Invoking: MicroBlaze gcc linker
mb-gcc -Wl,-T -Wl,../src/lscript.ld -L../../feed_chacah_bsp/microblaze_0/lib -mlittle-endian -mcpu=v9.6 -mxl-soft-mul -Wl,--no-relax -o "feed_chacah.elf"  ./src/main.o   -Wl,--start-group,-lxil,-lgcc,-lc,--end-group
Finished building target: feed_chacah.elf
 
Invoking: MicroBlaze Print Size
mb-size feed_chacah.elf  |tee "feed_chacah.elf.size"
   text	   data	    bss	    dec	    hex	filename
   5880	    292	   3124	   9296	   2450	feed_chacah.elf
Finished building: feed_chacah.elf.size
 

08:31:34 Build Finished (took 225ms)

