15:04:15 **** Build of project Feed_chacha_bsp ****
make -k all 
Running Make include in microblaze_0/libsrc/bram_v4_1/src
make -C microblaze_0/libsrc/bram_v4_1/src -s include  "SHELL=/bin/sh" "COMPILER=mb-gcc" "ARCHIVER=mb-ar" "COMPILER_FLAGS= -O2 -c -mcpu=v9.6 -mlittle-endian -mxl-soft-mul" "EXTRA_COMPILER_FLAGS=-g"
Running Make include in microblaze_0/libsrc/uartlite_v3_2/src
make -C microblaze_0/libsrc/uartlite_v3_2/src -s include  "SHELL=/bin/sh" "COMPILER=mb-gcc" "ARCHIVER=mb-ar" "COMPILER_FLAGS= -O2 -c -mcpu=v9.6 -mlittle-endian -mxl-soft-mul" "EXTRA_COMPILER_FLAGS=-g"
Running Make include in microblaze_0/libsrc/standalone_v5_5/src
make -C microblaze_0/libsrc/standalone_v5_5/src -s include  "SHELL=/bin/sh" "COMPILER=mb-gcc" "ARCHIVER=mb-ar" "COMPILER_FLAGS= -O2 -c -mcpu=v9.6 -mlittle-endian -mxl-soft-mul" "EXTRA_COMPILER_FLAGS=-g"
Running Make include in microblaze_0/libsrc/cpu_v2_5/src
make -C microblaze_0/libsrc/cpu_v2_5/src -s include  "SHELL=/bin/sh" "COMPILER=mb-gcc" "ARCHIVER=mb-ar" "COMPILER_FLAGS= -O2 -c -mcpu=v9.6 -mlittle-endian -mxl-soft-mul" "EXTRA_COMPILER_FLAGS=-g"
Running Make libs in microblaze_0/libsrc/bram_v4_1/src
make -C microblaze_0/libsrc/bram_v4_1/src -s libs  "SHELL=/bin/sh" "COMPILER=mb-gcc" "ARCHIVER=mb-ar" "COMPILER_FLAGS= -O2 -c -mcpu=v9.6 -mlittle-endian -mxl-soft-mul" "EXTRA_COMPILER_FLAGS=-g"
Compiling bram
mb-ar: creating ../../../lib/libxil.a
Running Make libs in microblaze_0/libsrc/uartlite_v3_2/src
make -C microblaze_0/libsrc/uartlite_v3_2/src -s libs  "SHELL=/bin/sh" "COMPILER=mb-gcc" "ARCHIVER=mb-ar" "COMPILER_FLAGS= -O2 -c -mcpu=v9.6 -mlittle-endian -mxl-soft-mul" "EXTRA_COMPILER_FLAGS=-g"
Compiling uartlite
Running Make libs in microblaze_0/libsrc/standalone_v5_5/src
make -C microblaze_0/libsrc/standalone_v5_5/src -s libs  "SHELL=/bin/sh" "COMPILER=mb-gcc" "ARCHIVER=mb-ar" "COMPILER_FLAGS= -O2 -c -mcpu=v9.6 -mlittle-endian -mxl-soft-mul" "EXTRA_COMPILER_FLAGS=-g"
Compiling standalone
Running Make libs in microblaze_0/libsrc/cpu_v2_5/src
make -C microblaze_0/libsrc/cpu_v2_5/src -s libs  "SHELL=/bin/sh" "COMPILER=mb-gcc" "ARCHIVER=mb-ar" "COMPILER_FLAGS= -O2 -c -mcpu=v9.6 -mlittle-endian -mxl-soft-mul" "EXTRA_COMPILER_FLAGS=-g"
Compiling cpu
Finished building libraries
15:04:18 **** Build of configuration Debug for project Feed_chacha ****
make all 
Building file: ../src/testperiph.c
Invoking: MicroBlaze gcc compiler
mb-gcc -Wall -O0 -g3 -c -fmessage-length=0 -MT"src/testperiph.o" -I../../Feed_chacha_bsp/microblaze_0/include -mlittle-endian -mcpu=v9.6 -mxl-soft-mul -Wl,--no-relax -MMD -MP -MF"src/testperiph.d" -MT"src/testperiph.o" -o "src/testperiph.o" "../src/testperiph.c"
Finished building: ../src/testperiph.c
 
Building target: Feed_chacha.elf
Invoking: MicroBlaze gcc linker
mb-gcc -Wl,-T -Wl,../src/lscript.ld -L../../Feed_chacha_bsp/microblaze_0/lib -mlittle-endian -mcpu=v9.6 -mxl-soft-mul -Wl,--no-relax -o "Feed_chacha.elf"  ./src/testperiph.o   -Wl,--start-group,-lxil,-lgcc,-lc,--end-group
Finished building target: Feed_chacha.elf
 
Invoking: MicroBlaze Print Size
mb-size Feed_chacha.elf  |tee "Feed_chacha.elf.size"
   text	   data	    bss	    dec	    hex	filename
   2624	    288	   3120	   6032	   1790	Feed_chacha.elf
Finished building: Feed_chacha.elf.size
 
15:23:42 **** Auto Build of configuration Debug for project Feed_chacha ****
make all 
Building file: ../src/testperiph.c
Invoking: MicroBlaze gcc compiler
mb-gcc -Wall -O0 -g3 -c -fmessage-length=0 -MT"src/testperiph.o" -I../../Feed_chacha_bsp/microblaze_0/include -mlittle-endian -mcpu=v9.6 -mxl-soft-mul -Wl,--no-relax -MMD -MP -MF"src/testperiph.d" -MT"src/testperiph.o" -o "src/testperiph.o" "../src/testperiph.c"
../src/testperiph.c:4:25: fatal error: xuartlite_l.u: No such file or directory
src/subdir.mk:21: recipe for target 'src/testperiph.o' failed
compilation terminated.
make: *** [src/testperiph.o] Error 1
09:15:02 **** Clean-only build of configuration Debug for project Feed_chacha ****
make clean 
rm -rf  ./src/testperiph.o  ./src/testperiph.d  Feed_chacha.elf.size  Feed_chacha.elf
 
09:15:03 **** Auto Build of configuration Debug for project Feed_chacha ****
make all 
Building file: ../src/example.c
Invoking: MicroBlaze gcc compiler
mb-gcc -Wall -O0 -g3 -c -fmessage-length=0 -MT"src/example.o" -I../../Feed_chacha_bsp/microblaze_0/include -mlittle-endian -mcpu=v9.6 -mxl-soft-mul -Wl,--no-relax -MMD -MP -MF"src/example.d" -MT"src/example.o" -o "src/example.o" "../src/example.c"
Finished building: ../src/example.c
 
Building file: ../src/testperiph.c
Invoking: MicroBlaze gcc compiler
mb-gcc -Wall -O0 -g3 -c -fmessage-length=0 -MT"src/testperiph.o" -I../../Feed_chacha_bsp/microblaze_0/include -mlittle-endian -mcpu=v9.6 -mxl-soft-mul -Wl,--no-relax -MMD -MP -MF"src/testperiph.d" -MT"src/testperiph.o" -o "src/testperiph.o" "../src/testperiph.c"
../src/testperiph.c:4:25: fatal error: xuartlite_l.u: No such file or directory
compilation terminated.
make: *** [src/testperiph.o] Error 1
src/subdir.mk:24: recipe for target 'src/testperiph.o' failed
09:52:56 **** Auto Build of configuration Debug for project Feed_chacha ****
make all 
Building file: ../src/testperiph.c
Invoking: MicroBlaze gcc compiler
mb-gcc -Wall -O0 -g3 -c -fmessage-length=0 -MT"src/testperiph.o" -I../../Feed_chacha_bsp/microblaze_0/include -mlittle-endian -mcpu=v9.6 -mxl-soft-mul -Wl,--no-relax -MMD -MP -MF"src/testperiph.d" -MT"src/testperiph.o" -o "src/testperiph.o" "../src/testperiph.c"
../src/testperiph.c:4:25: fatal error: xuartlite_l.u: No such file or directory
src/subdir.mk:24: recipe for target 'src/testperiph.o' failed
compilation terminated.
make: *** [src/testperiph.o] Error 1
09:53:25 **** Build of project hello_world_bsp ****
make -k all 
Running Make include in microblaze_0/libsrc/bram_v4_1/src
make -C microblaze_0/libsrc/bram_v4_1/src -s include  "SHELL=/bin/sh" "COMPILER=mb-gcc" "ARCHIVER=mb-ar" "COMPILER_FLAGS= -O2 -c -mcpu=v9.6 -mlittle-endian -mxl-soft-mul" "EXTRA_COMPILER_FLAGS=-g"
Running Make include in microblaze_0/libsrc/uartlite_v3_2/src
make -C microblaze_0/libsrc/uartlite_v3_2/src -s include  "SHELL=/bin/sh" "COMPILER=mb-gcc" "ARCHIVER=mb-ar" "COMPILER_FLAGS= -O2 -c -mcpu=v9.6 -mlittle-endian -mxl-soft-mul" "EXTRA_COMPILER_FLAGS=-g"
Running Make include in microblaze_0/libsrc/standalone_v5_5/src
make -C microblaze_0/libsrc/standalone_v5_5/src -s include  "SHELL=/bin/sh" "COMPILER=mb-gcc" "ARCHIVER=mb-ar" "COMPILER_FLAGS= -O2 -c -mcpu=v9.6 -mlittle-endian -mxl-soft-mul" "EXTRA_COMPILER_FLAGS=-g"
Running Make include in microblaze_0/libsrc/cpu_v2_5/src
make -C microblaze_0/libsrc/cpu_v2_5/src -s include  "SHELL=/bin/sh" "COMPILER=mb-gcc" "ARCHIVER=mb-ar" "COMPILER_FLAGS= -O2 -c -mcpu=v9.6 -mlittle-endian -mxl-soft-mul" "EXTRA_COMPILER_FLAGS=-g"
Running Make libs in microblaze_0/libsrc/bram_v4_1/src
make -C microblaze_0/libsrc/bram_v4_1/src -s libs  "SHELL=/bin/sh" "COMPILER=mb-gcc" "ARCHIVER=mb-ar" "COMPILER_FLAGS= -O2 -c -mcpu=v9.6 -mlittle-endian -mxl-soft-mul" "EXTRA_COMPILER_FLAGS=-g"
Compiling bram
mb-ar: creating ../../../lib/libxil.a
Running Make libs in microblaze_0/libsrc/uartlite_v3_2/src
make -C microblaze_0/libsrc/uartlite_v3_2/src -s libs  "SHELL=/bin/sh" "COMPILER=mb-gcc" "ARCHIVER=mb-ar" "COMPILER_FLAGS= -O2 -c -mcpu=v9.6 -mlittle-endian -mxl-soft-mul" "EXTRA_COMPILER_FLAGS=-g"
Compiling uartlite
Running Make libs in microblaze_0/libsrc/standalone_v5_5/src
make -C microblaze_0/libsrc/standalone_v5_5/src -s libs  "SHELL=/bin/sh" "COMPILER=mb-gcc" "ARCHIVER=mb-ar" "COMPILER_FLAGS= -O2 -c -mcpu=v9.6 -mlittle-endian -mxl-soft-mul" "EXTRA_COMPILER_FLAGS=-g"
Compiling standalone
Running Make libs in microblaze_0/libsrc/cpu_v2_5/src
make -C microblaze_0/libsrc/cpu_v2_5/src -s libs  "SHELL=/bin/sh" "COMPILER=mb-gcc" "ARCHIVER=mb-ar" "COMPILER_FLAGS= -O2 -c -mcpu=v9.6 -mlittle-endian -mxl-soft-mul" "EXTRA_COMPILER_FLAGS=-g"
Compiling cpu
Finished building libraries
09:53:27 **** Build of configuration Debug for project hello_world ****
make all 
Building file: ../src/helloworld.c
Invoking: MicroBlaze gcc compiler
mb-gcc -Wall -O0 -g3 -c -fmessage-length=0 -MT"src/helloworld.o" -I../../hello_world_bsp/microblaze_0/include -mlittle-endian -mcpu=v9.6 -mxl-soft-mul -Wl,--no-relax -MMD -MP -MF"src/helloworld.d" -MT"src/helloworld.o" -o "src/helloworld.o" "../src/helloworld.c"
Finished building: ../src/helloworld.c
 
Building file: ../src/platform.c
Invoking: MicroBlaze gcc compiler
mb-gcc -Wall -O0 -g3 -c -fmessage-length=0 -MT"src/platform.o" -I../../hello_world_bsp/microblaze_0/include -mlittle-endian -mcpu=v9.6 -mxl-soft-mul -Wl,--no-relax -MMD -MP -MF"src/platform.d" -MT"src/platform.o" -o "src/platform.o" "../src/platform.c"
Finished building: ../src/platform.c
 
Building target: hello_world.elf
Invoking: MicroBlaze gcc linker
mb-gcc -Wl,-T -Wl,../src/lscript.ld -L../../hello_world_bsp/microblaze_0/lib -mlittle-endian -mcpu=v9.6 -mxl-soft-mul -Wl,--no-relax -o "hello_world.elf"  ./src/helloworld.o ./src/platform.o   -Wl,--start-group,-lxil,-lgcc,-lc,--end-group
Finished building target: hello_world.elf
 
Invoking: MicroBlaze Print Size
mb-size hello_world.elf  |tee "hello_world.elf.size"
   text	   data	    bss	    dec	    hex	filename
   2832	    288	   3120	   6240	   1860	hello_world.elf
Finished building: hello_world.elf.size
 
09:53:44 **** Auto Build of configuration Debug for project Feed_chacha ****
make all 
Building file: ../src/testperiph.c
Invoking: MicroBlaze gcc compiler
mb-gcc -Wall -O0 -g3 -c -fmessage-length=0 -MT"src/testperiph.o" -I../../Feed_chacha_bsp/microblaze_0/include -mlittle-endian -mcpu=v9.6 -mxl-soft-mul -Wl,--no-relax -MMD -MP -MF"src/testperiph.d" -MT"src/testperiph.o" -o "src/testperiph.o" "../src/testperiph.c"
../src/testperiph.c: In function 'encrypt':
../src/testperiph.c:34:26: error: expected ')' before 'raw'
src/subdir.mk:24: recipe for target 'src/testperiph.o' failed
     printf("raw file %i" raw);
                          ^
../src/testperiph.c:34:12: warning: format '%i' expects a matching 'int' argument [-Wformat=]
     printf("raw file %i" raw);
            ^
../src/testperiph.c:34:12: warning: format '%i' expects a matching 'int' argument [-Wformat=]
../src/testperiph.c:40:16: warning: format '%i' expects argument of type 'int', but argument 2 has type 'char *' [-Wformat=]
         printf("1: %i", crypted); 
                ^
../src/testperiph.c:40:16: warning: format '%i' expects argument of type 'int', but argument 2 has type 'char *' [-Wformat=]
make: *** [src/testperiph.o] Error 1
10:05:14 **** Auto Build of configuration Debug for project Feed_chacha ****
make all 
Building file: ../src/testperiph.c
Invoking: MicroBlaze gcc compiler
mb-gcc -Wall -O0 -g3 -c -fmessage-length=0 -MT"src/testperiph.o" -I../../Feed_chacha_bsp/microblaze_0/include -mlittle-endian -mcpu=v9.6 -mxl-soft-mul -Wl,--no-relax -MMD -MP -MF"src/testperiph.d" -MT"src/testperiph.o" -o "src/testperiph.o" "../src/testperiph.c"
../src/testperiph.c:4:25: fatal error: xuartlite_l.u: No such file or directory
src/subdir.mk:24: recipe for target 'src/testperiph.o' failed
compilation terminated.
make: *** [src/testperiph.o] Error 1
10:05:38 **** Auto Build of configuration Debug for project Feed_chacha ****
make all 
Building file: ../src/testperiph.c
Invoking: MicroBlaze gcc compiler
mb-gcc -Wall -O0 -g3 -c -fmessage-length=0 -MT"src/testperiph.o" -I../../Feed_chacha_bsp/microblaze_0/include -mlittle-endian -mcpu=v9.6 -mxl-soft-mul -Wl,--no-relax -MMD -MP -MF"src/testperiph.d" -MT"src/testperiph.o" -o "src/testperiph.o" "../src/testperiph.c"
In file included from ../../Feed_chacha_bsp/microblaze_0/include/xil_cache.h:78:0,
                 from ../src/testperiph.c:3:
../src/testperiph.c: In function 'encrypt':
../../Feed_chacha_bsp/microblaze_0/include/mb_interface.h:81:33: error: impossible constraint in 'asm'
src/subdir.mk:24: recipe for target 'src/testperiph.o' failed
 #define getfsl(val, id)         asm volatile ("get\t%0,rfsl" stringify(id) : "=d" (val))
                                 ^
../../Feed_chacha_bsp/microblaze_0/include/mb_interface.h:418:49: note: in expansion of macro 'getfsl'
 #define microblaze_bread_datafsl(val, id)       getfsl(val,id)
                                                 ^
../src/testperiph.c:38:9: note: in expansion of macro 'microblaze_bread_datafsl'
         microblaze_bread_datafsl(crypted, 0);
         ^
make: *** [src/testperiph.o] Error 1
10:07:54 **** Incremental Build of configuration Debug for project Feed_chacha ****
make all 
Building file: ../src/testperiph.c
Invoking: MicroBlaze gcc compiler
mb-gcc -Wall -O0 -g3 -c -fmessage-length=0 -MT"src/testperiph.o" -I../../Feed_chacha_bsp/microblaze_0/include -mlittle-endian -mcpu=v9.6 -mxl-soft-mul -Wl,--no-relax -MMD -MP -MF"src/testperiph.d" -MT"src/testperiph.o" -o "src/testperiph.o" "../src/testperiph.c"
In file included from ../../Feed_chacha_bsp/microblaze_0/include/xil_cache.h:78:0,
                 from ../src/testperiph.c:3:
../src/testperiph.c: In function 'encrypt':
../../Feed_chacha_bsp/microblaze_0/include/mb_interface.h:81:33: error: impossible constraint in 'asm'
src/subdir.mk:24: recipe for target 'src/testperiph.o' failed
 #define getfsl(val, id)         asm volatile ("get\t%0,rfsl" stringify(id) : "=d" (val))
                                 ^
../../Feed_chacha_bsp/microblaze_0/include/mb_interface.h:418:49: note: in expansion of macro 'getfsl'
 #define microblaze_bread_datafsl(val, id)       getfsl(val,id)
                                                 ^
../src/testperiph.c:38:9: note: in expansion of macro 'microblaze_bread_datafsl'
         microblaze_bread_datafsl(crypted, 0);
         ^
make: *** [src/testperiph.o] Error 1
10:07:54 **** Incremental Build of configuration Debug for project hello_world ****
make all 
make: Nothing to be done for 'all'.
11:52:32 **** Auto Build of configuration Debug for project Feed_chacha ****
make all 
Building file: ../src/testperiph.c
Invoking: MicroBlaze gcc compiler
mb-gcc -Wall -O0 -g3 -c -fmessage-length=0 -MT"src/testperiph.o" -I../../Feed_chacha_bsp/microblaze_0/include -mlittle-endian -mcpu=v9.6 -mxl-soft-mul -Wl,--no-relax -MMD -MP -MF"src/testperiph.d" -MT"src/testperiph.o" -o "src/testperiph.o" "../src/testperiph.c"
In file included from ../../Feed_chacha_bsp/microblaze_0/include/xil_cache.h:78:0,
                 from ../src/testperiph.c:3:
../src/testperiph.c: In function 'encrypt':
../../Feed_chacha_bsp/microblaze_0/include/mb_interface.h:81:33: error: read-only location '"99999999999999999999999999999999"' used as 'asm' output
src/subdir.mk:24: recipe for target 'src/testperiph.o' failed
 #define getfsl(val, id)         asm volatile ("get\t%0,rfsl" stringify(id) : "=d" (val))
                                 ^
../../Feed_chacha_bsp/microblaze_0/include/mb_interface.h:418:49: note: in expansion of macro 'getfsl'
 #define microblaze_bread_datafsl(val, id)       getfsl(val,id)
                                                 ^
../src/testperiph.c:38:9: note: in expansion of macro 'microblaze_bread_datafsl'
         microblaze_bread_datafsl("99999999999999999999999999999999", 0);
         ^
make: *** [src/testperiph.o] Error 1
12:49:30 **** Auto Build of configuration Debug for project Feed_chacha ****
make all 
Building file: ../src/testperiph.c
Invoking: MicroBlaze gcc compiler
mb-gcc -Wall -O0 -g3 -c -fmessage-length=0 -MT"src/testperiph.o" -I../../Feed_chacha_bsp/microblaze_0/include -mlittle-endian -mcpu=v9.6 -mxl-soft-mul -Wl,--no-relax -MMD -MP -MF"src/testperiph.d" -MT"src/testperiph.o" -o "src/testperiph.o" "../src/testperiph.c"
In file included from ../../Feed_chacha_bsp/microblaze_0/include/xil_cache.h:78:0,
                 from ../src/testperiph.c:3:
../src/testperiph.c: In function 'encrypt':
../../Feed_chacha_bsp/microblaze_0/include/mb_interface.h:81:33: error: read-only location '"crypted"' used as 'asm' output
src/subdir.mk:24: recipe for target 'src/testperiph.o' failed
 #define getfsl(val, id)         asm volatile ("get\t%0,rfsl" stringify(id) : "=d" (val))
                                 ^
../../Feed_chacha_bsp/microblaze_0/include/mb_interface.h:418:49: note: in expansion of macro 'getfsl'
 #define microblaze_bread_datafsl(val, id)       getfsl(val,id)
                                                 ^
../src/testperiph.c:38:9: note: in expansion of macro 'microblaze_bread_datafsl'
         microblaze_bread_datafsl("crypted", 0);
         ^
make: *** [src/testperiph.o] Error 1
12:49:47 **** Auto Build of configuration Debug for project Feed_chacha ****
make all 
Building file: ../src/testperiph.c
Invoking: MicroBlaze gcc compiler
mb-gcc -Wall -O0 -g3 -c -fmessage-length=0 -MT"src/testperiph.o" -I../../Feed_chacha_bsp/microblaze_0/include -mlittle-endian -mcpu=v9.6 -mxl-soft-mul -Wl,--no-relax -MMD -MP -MF"src/testperiph.d" -MT"src/testperiph.o" -o "src/testperiph.o" "../src/testperiph.c"
In file included from ../../Feed_chacha_bsp/microblaze_0/include/xil_cache.h:78:0,
                 from ../src/testperiph.c:3:
../src/testperiph.c: In function 'encrypt':
../../Feed_chacha_bsp/microblaze_0/include/mb_interface.h:81:33: error: read-only location '"encrypted"' used as 'asm' output
src/subdir.mk:24: recipe for target 'src/testperiph.o' failed
 #define getfsl(val, id)         asm volatile ("get\t%0,rfsl" stringify(id) : "=d" (val))
                                 ^
../../Feed_chacha_bsp/microblaze_0/include/mb_interface.h:418:49: note: in expansion of macro 'getfsl'
 #define microblaze_bread_datafsl(val, id)       getfsl(val,id)
                                                 ^
../src/testperiph.c:38:9: note: in expansion of macro 'microblaze_bread_datafsl'
         microblaze_bread_datafsl("encrypted", 0);
         ^
make: *** [src/testperiph.o] Error 1
12:50:20 **** Auto Build of configuration Debug for project Feed_chacha ****
make all 
Building file: ../src/testperiph.c
Invoking: MicroBlaze gcc compiler
mb-gcc -Wall -O0 -g3 -c -fmessage-length=0 -MT"src/testperiph.o" -I../../Feed_chacha_bsp/microblaze_0/include -mlittle-endian -mcpu=v9.6 -mxl-soft-mul -Wl,--no-relax -MMD -MP -MF"src/testperiph.d" -MT"src/testperiph.o" -o "src/testperiph.o" "../src/testperiph.c"
In file included from ../../Feed_chacha_bsp/microblaze_0/include/xil_cache.h:78:0,
                 from ../src/testperiph.c:3:
../src/testperiph.c: In function 'encrypt':
../../Feed_chacha_bsp/microblaze_0/include/mb_interface.h:81:33: error: impossible constraint in 'asm'
 #define getfsl(val, id)         asm volatile ("get\t%0,rfsl" stringify(id) : "=d" (val))
                                 ^
../../Feed_chacha_bsp/microblaze_0/include/mb_interface.h:418:49: note: in expansion of macro 'getfsl'
 #define microblaze_bread_datafsl(val, id)       getfsl(val,id)
                                                 ^
../src/testperiph.c:38:9: note: in expansion of macro 'microblaze_bread_datafsl'
src/subdir.mk:24: recipe for target 'src/testperiph.o' failed
         microblaze_bread_datafsl(encrypted, 0);
         ^
make: *** [src/testperiph.o] Error 1
13:36:54 **** Auto Build of configuration Debug for project Feed_chacha ****
make all 
Building file: ../src/testperiph.c
Invoking: MicroBlaze gcc compiler
mb-gcc -Wall -O0 -g3 -c -fmessage-length=0 -MT"src/testperiph.o" -I../../Feed_chacha_bsp/microblaze_0/include -mlittle-endian -mcpu=v9.6 -mxl-soft-mul -Wl,--no-relax -MMD -MP -MF"src/testperiph.d" -MT"src/testperiph.o" -o "src/testperiph.o" "../src/testperiph.c"
Finished building: ../src/testperiph.c
 
Building target: Feed_chacha.elf
Invoking: MicroBlaze gcc linker
mb-gcc -Wl,-T -Wl,../src/lscript.ld -L../../Feed_chacha_bsp/microblaze_0/lib -mlittle-endian -mcpu=v9.6 -mxl-soft-mul -Wl,--no-relax -o "Feed_chacha.elf"  ./src/example.o ./src/testperiph.o   -Wl,--start-group,-lxil,-lgcc,-lc,--end-group
./src/testperiph.o: In function `main':
/home/torbjorn/development/vhdl/cifra/chacha_test2/chacha_test2.sdk/Feed_chacha/Debug/../src/testperiph.c:11: multiple definition of `main'
./src/example.o:/home/torbjorn/development/vhdl/cifra/chacha_test2/chacha_test2.sdk/Feed_chacha/Debug/../src/example.c:82: first defined here
collect2: error: ld returned 1 exit status
makefile:36: recipe for target 'Feed_chacha.elf' failed
make: *** [Feed_chacha.elf] Error 1
13:37:55 **** Auto Build of configuration Debug for project Feed_chacha ****
make all 
Building file: ../src/testperiph.c
Invoking: MicroBlaze gcc compiler
mb-gcc -Wall -O0 -g3 -c -fmessage-length=0 -MT"src/testperiph.o" -I../../Feed_chacha_bsp/microblaze_0/include -mlittle-endian -mcpu=v9.6 -mxl-soft-mul -Wl,--no-relax -MMD -MP -MF"src/testperiph.d" -MT"src/testperiph.o" -o "src/testperiph.o" "../src/testperiph.c"
../src/testperiph.c:12:6: warning: return type of 'main' is not 'int' [-Wmain]
 void main(){
      ^
Finished building: ../src/testperiph.c
 
Building target: Feed_chacha.elf
Invoking: MicroBlaze gcc linker
mb-gcc -Wl,-T -Wl,../src/lscript.ld -L../../Feed_chacha_bsp/microblaze_0/lib -mlittle-endian -mcpu=v9.6 -mxl-soft-mul -Wl,--no-relax -o "Feed_chacha.elf"  ./src/example.o ./src/testperiph.o   -Wl,--start-group,-lxil,-lgcc,-lc,--end-group
./src/testperiph.o: In function `main':
/home/torbjorn/development/vhdl/cifra/chacha_test2/chacha_test2.sdk/Feed_chacha/Debug/../src/testperiph.c:12: multiple definition of `main'
makefile:36: recipe for target 'Feed_chacha.elf' failed
./src/example.o:/home/torbjorn/development/vhdl/cifra/chacha_test2/chacha_test2.sdk/Feed_chacha/Debug/../src/example.c:82: first defined here
collect2: error: ld returned 1 exit status
make: *** [Feed_chacha.elf] Error 1
13:38:11 **** Auto Build of configuration Debug for project Feed_chacha ****
make all 
Building file: ../src/testperiph.c
Invoking: MicroBlaze gcc compiler
mb-gcc -Wall -O0 -g3 -c -fmessage-length=0 -MT"src/testperiph.o" -I../../Feed_chacha_bsp/microblaze_0/include -mlittle-endian -mcpu=v9.6 -mxl-soft-mul -Wl,--no-relax -MMD -MP -MF"src/testperiph.d" -MT"src/testperiph.o" -o "src/testperiph.o" "../src/testperiph.c"
../src/testperiph.c:12:6: warning: return type of 'main' is not 'int' [-Wmain]
 void main(void){
      ^
Finished building: ../src/testperiph.c
 
Building target: Feed_chacha.elf
Invoking: MicroBlaze gcc linker
mb-gcc -Wl,-T -Wl,../src/lscript.ld -L../../Feed_chacha_bsp/microblaze_0/lib -mlittle-endian -mcpu=v9.6 -mxl-soft-mul -Wl,--no-relax -o "Feed_chacha.elf"  ./src/example.o ./src/testperiph.o   -Wl,--start-group,-lxil,-lgcc,-lc,--end-group
./src/testperiph.o: In function `main':
/home/torbjorn/development/vhdl/cifra/chacha_test2/chacha_test2.sdk/Feed_chacha/Debug/../src/testperiph.c:12: multiple definition of `main'
makefile:36: recipe for target 'Feed_chacha.elf' failed
./src/example.o:/home/torbjorn/development/vhdl/cifra/chacha_test2/chacha_test2.sdk/Feed_chacha/Debug/../src/example.c:82: first defined here
collect2: error: ld returned 1 exit status
make: *** [Feed_chacha.elf] Error 1
13:38:16 **** Auto Build of configuration Debug for project Feed_chacha ****
make all 
Building file: ../src/testperiph.c
Invoking: MicroBlaze gcc compiler
mb-gcc -Wall -O0 -g3 -c -fmessage-length=0 -MT"src/testperiph.o" -I../../Feed_chacha_bsp/microblaze_0/include -mlittle-endian -mcpu=v9.6 -mxl-soft-mul -Wl,--no-relax -MMD -MP -MF"src/testperiph.d" -MT"src/testperiph.o" -o "src/testperiph.o" "../src/testperiph.c"
Finished building: ../src/testperiph.c
 
Building target: Feed_chacha.elf
Invoking: MicroBlaze gcc linker
mb-gcc -Wl,-T -Wl,../src/lscript.ld -L../../Feed_chacha_bsp/microblaze_0/lib -mlittle-endian -mcpu=v9.6 -mxl-soft-mul -Wl,--no-relax -o "Feed_chacha.elf"  ./src/example.o ./src/testperiph.o   -Wl,--start-group,-lxil,-lgcc,-lc,--end-group
./src/testperiph.o: In function `main':
/home/torbjorn/development/vhdl/cifra/chacha_test2/chacha_test2.sdk/Feed_chacha/Debug/../src/testperiph.c:12: multiple definition of `main'
makefile:36: recipe for target 'Feed_chacha.elf' failed
./src/example.o:/home/torbjorn/development/vhdl/cifra/chacha_test2/chacha_test2.sdk/Feed_chacha/Debug/../src/example.c:82: first defined here
collect2: error: ld returned 1 exit status
make: *** [Feed_chacha.elf] Error 1
13:38:30 **** Auto Build of configuration Debug for project Feed_chacha ****
make all 
Building file: ../src/testperiph.c
Invoking: MicroBlaze gcc compiler
mb-gcc -Wall -O0 -g3 -c -fmessage-length=0 -MT"src/testperiph.o" -I../../Feed_chacha_bsp/microblaze_0/include -mlittle-endian -mcpu=v9.6 -mxl-soft-mul -Wl,--no-relax -MMD -MP -MF"src/testperiph.d" -MT"src/testperiph.o" -o "src/testperiph.o" "../src/testperiph.c"
../src/testperiph.c:14:1: error: expected identifier or '(' before '}' token
 }
 ^
../src/testperiph.c:15:5: error: redefinition of 'main'
src/subdir.mk:24: recipe for target 'src/testperiph.o' failed
 int main(void){
     ^
../src/testperiph.c:11:5: note: previous definition of 'main' was here
 int main(void){
     ^
make: *** [src/testperiph.o] Error 1
13:38:48 **** Auto Build of configuration Debug for project Feed_chacha ****
make all 
Building file: ../src/testperiph.c
Invoking: MicroBlaze gcc compiler
mb-gcc -Wall -O0 -g3 -c -fmessage-length=0 -MT"src/testperiph.o" -I../../Feed_chacha_bsp/microblaze_0/include -mlittle-endian -mcpu=v9.6 -mxl-soft-mul -Wl,--no-relax -MMD -MP -MF"src/testperiph.d" -MT"src/testperiph.o" -o "src/testperiph.o" "../src/testperiph.c"
Finished building: ../src/testperiph.c
 
Building target: Feed_chacha.elf
Invoking: MicroBlaze gcc linker
mb-gcc -Wl,-T -Wl,../src/lscript.ld -L../../Feed_chacha_bsp/microblaze_0/lib -mlittle-endian -mcpu=v9.6 -mxl-soft-mul -Wl,--no-relax -o "Feed_chacha.elf"  ./src/example.o ./src/testperiph.o   -Wl,--start-group,-lxil,-lgcc,-lc,--end-group
./src/testperiph.o: In function `main':
/home/torbjorn/development/vhdl/cifra/chacha_test2/chacha_test2.sdk/Feed_chacha/Debug/../src/testperiph.c:12: multiple definition of `main'
makefile:36: recipe for target 'Feed_chacha.elf' failed
./src/example.o:/home/torbjorn/development/vhdl/cifra/chacha_test2/chacha_test2.sdk/Feed_chacha/Debug/../src/example.c:82: first defined here
collect2: error: ld returned 1 exit status
make: *** [Feed_chacha.elf] Error 1
13:39:12 **** Auto Build of configuration Debug for project Feed_chacha ****
make all 
Building file: ../src/testperiph.c
Invoking: MicroBlaze gcc compiler
mb-gcc -Wall -O0 -g3 -c -fmessage-length=0 -MT"src/testperiph.o" -I../../Feed_chacha_bsp/microblaze_0/include -mlittle-endian -mcpu=v9.6 -mxl-soft-mul -Wl,--no-relax -MMD -MP -MF"src/testperiph.d" -MT"src/testperiph.o" -o "src/testperiph.o" "../src/testperiph.c"
Finished building: ../src/testperiph.c
 
Building target: Feed_chacha.elf
Invoking: MicroBlaze gcc linker
mb-gcc -Wl,-T -Wl,../src/lscript.ld -L../../Feed_chacha_bsp/microblaze_0/lib -mlittle-endian -mcpu=v9.6 -mxl-soft-mul -Wl,--no-relax -o "Feed_chacha.elf"  ./src/example.o ./src/testperiph.o   -Wl,--start-group,-lxil,-lgcc,-lc,--end-group
./src/testperiph.o: In function `main':
/home/torbjorn/development/vhdl/cifra/chacha_test2/chacha_test2.sdk/Feed_chacha/Debug/../src/testperiph.c:12: multiple definition of `main'
makefile:36: recipe for target 'Feed_chacha.elf' failed
./src/example.o:/home/torbjorn/development/vhdl/cifra/chacha_test2/chacha_test2.sdk/Feed_chacha/Debug/../src/example.c:82: first defined here
collect2: error: ld returned 1 exit status
make: *** [Feed_chacha.elf] Error 1
13:39:25 **** Auto Build of configuration Debug for project Feed_chacha ****
make all 
Building file: ../src/testperiph.c
Invoking: MicroBlaze gcc compiler
mb-gcc -Wall -O0 -g3 -c -fmessage-length=0 -MT"src/testperiph.o" -I../../Feed_chacha_bsp/microblaze_0/include -mlittle-endian -mcpu=v9.6 -mxl-soft-mul -Wl,--no-relax -MMD -MP -MF"src/testperiph.d" -MT"src/testperiph.o" -o "src/testperiph.o" "../src/testperiph.c"
Finished building: ../src/testperiph.c
 
Building target: Feed_chacha.elf
Invoking: MicroBlaze gcc linker
mb-gcc -Wl,-T -Wl,../src/lscript.ld -L../../Feed_chacha_bsp/microblaze_0/lib -mlittle-endian -mcpu=v9.6 -mxl-soft-mul -Wl,--no-relax -o "Feed_chacha.elf"  ./src/example.o ./src/testperiph.o   -Wl,--start-group,-lxil,-lgcc,-lc,--end-group
./src/testperiph.o: In function `main':
/home/torbjorn/development/vhdl/cifra/chacha_test2/chacha_test2.sdk/Feed_chacha/Debug/../src/testperiph.c:12: multiple definition of `main'
makefile:36: recipe for target 'Feed_chacha.elf' failed
./src/example.o:/home/torbjorn/development/vhdl/cifra/chacha_test2/chacha_test2.sdk/Feed_chacha/Debug/../src/example.c:82: first defined here
collect2: error: ld returned 1 exit status
make: *** [Feed_chacha.elf] Error 1
13:39:34 **** Auto Build of configuration Debug for project Feed_chacha ****
make all 
Building file: ../src/testperiph.c
Invoking: MicroBlaze gcc compiler
mb-gcc -Wall -O0 -g3 -c -fmessage-length=0 -MT"src/testperiph.o" -I../../Feed_chacha_bsp/microblaze_0/include -mlittle-endian -mcpu=v9.6 -mxl-soft-mul -Wl,--no-relax -MMD -MP -MF"src/testperiph.d" -MT"src/testperiph.o" -o "src/testperiph.o" "../src/testperiph.c"
../src/testperiph.c: In function 'main':
../src/testperiph.c:13:2: warning: implicit declaration of function 'encrypt' [-Wimplicit-function-declaration]
  encrypt();
  ^
../src/testperiph.c: At top level:
../src/testperiph.c:16:6: warning: conflicting types for 'encrypt'
 void encrypt(void){
      ^
../src/testperiph.c:13:2: note: previous implicit declaration of 'encrypt' was here
  encrypt();
  ^
Finished building: ../src/testperiph.c
 
Building target: Feed_chacha.elf
Invoking: MicroBlaze gcc linker
mb-gcc -Wl,-T -Wl,../src/lscript.ld -L../../Feed_chacha_bsp/microblaze_0/lib -mlittle-endian -mcpu=v9.6 -mxl-soft-mul -Wl,--no-relax -o "Feed_chacha.elf"  ./src/example.o ./src/testperiph.o   -Wl,--start-group,-lxil,-lgcc,-lc,--end-group
./src/testperiph.o: In function `main':
/home/torbjorn/development/vhdl/cifra/chacha_test2/chacha_test2.sdk/Feed_chacha/Debug/../src/testperiph.c:12: multiple definition of `main'
makefile:36: recipe for target 'Feed_chacha.elf' failed
./src/example.o:/home/torbjorn/development/vhdl/cifra/chacha_test2/chacha_test2.sdk/Feed_chacha/Debug/../src/example.c:82: first defined here
collect2: error: ld returned 1 exit status
make: *** [Feed_chacha.elf] Error 1
13:39:48 **** Auto Build of configuration Debug for project Feed_chacha ****
make all 
Building file: ../src/testperiph.c
Invoking: MicroBlaze gcc compiler
mb-gcc -Wall -O0 -g3 -c -fmessage-length=0 -MT"src/testperiph.o" -I../../Feed_chacha_bsp/microblaze_0/include -mlittle-endian -mcpu=v9.6 -mxl-soft-mul -Wl,--no-relax -MMD -MP -MF"src/testperiph.d" -MT"src/testperiph.o" -o "src/testperiph.o" "../src/testperiph.c"
Finished building: ../src/testperiph.c
 
Building target: Feed_chacha.elf
Invoking: MicroBlaze gcc linker
mb-gcc -Wl,-T -Wl,../src/lscript.ld -L../../Feed_chacha_bsp/microblaze_0/lib -mlittle-endian -mcpu=v9.6 -mxl-soft-mul -Wl,--no-relax -o "Feed_chacha.elf"  ./src/example.o ./src/testperiph.o   -Wl,--start-group,-lxil,-lgcc,-lc,--end-group
./src/testperiph.o: In function `main':
/home/torbjorn/development/vhdl/cifra/chacha_test2/chacha_test2.sdk/Feed_chacha/Debug/../src/testperiph.c:32: multiple definition of `main'
makefile:36: recipe for target 'Feed_chacha.elf' failed
./src/example.o:/home/torbjorn/development/vhdl/cifra/chacha_test2/chacha_test2.sdk/Feed_chacha/Debug/../src/example.c:82: first defined here
collect2: error: ld returned 1 exit status
make: *** [Feed_chacha.elf] Error 1
13:42:30 **** Auto Build of configuration Debug for project Feed_chacha ****
make all 
Building file: ../src/testperiph.c
Invoking: MicroBlaze gcc compiler
mb-gcc -Wall -O0 -g3 -c -fmessage-length=0 -MT"src/testperiph.o" -I../../Feed_chacha_bsp/microblaze_0/include -mlittle-endian -mcpu=v9.6 -mxl-soft-mul -Wl,--no-relax -MMD -MP -MF"src/testperiph.d" -MT"src/testperiph.o" -o "src/testperiph.o" "../src/testperiph.c"
../src/testperiph.c: In function 'main':
../src/testperiph.c:33:5: warning: implicit declaration of function 'init_platform' [-Wimplicit-function-declaration]
     init_platform();
     ^
../src/testperiph.c:37:5: warning: implicit declaration of function 'cleanup_platform' [-Wimplicit-function-declaration]
     cleanup_platform();
     ^
Finished building: ../src/testperiph.c
 
Building target: Feed_chacha.elf
Invoking: MicroBlaze gcc linker
mb-gcc -Wl,-T -Wl,../src/lscript.ld -L../../Feed_chacha_bsp/microblaze_0/lib -mlittle-endian -mcpu=v9.6 -mxl-soft-mul -Wl,--no-relax -o "Feed_chacha.elf"  ./src/example.o ./src/testperiph.o   -Wl,--start-group,-lxil,-lgcc,-lc,--end-group
./src/testperiph.o: In function `main':
/home/torbjorn/development/vhdl/cifra/chacha_test2/chacha_test2.sdk/Feed_chacha/Debug/../src/testperiph.c:32: multiple definition of `main'
./src/example.o:/home/torbjorn/development/vhdl/cifra/chacha_test2/chacha_test2.sdk/Feed_chacha/Debug/../src/example.c:82: first defined here
./src/testperiph.o: In function `main':
makefile:36: recipe for target 'Feed_chacha.elf' failed
(.text+0x10c): undefined reference to `init_platform'
./src/testperiph.o: In function `main':
(.text+0x118): undefined reference to `cleanup_platform'
collect2: error: ld returned 1 exit status
make: *** [Feed_chacha.elf] Error 1
13:42:38 **** Auto Build of configuration Debug for project Feed_chacha ****
make all 
Building file: ../src/testperiph.c
Invoking: MicroBlaze gcc compiler
mb-gcc -Wall -O0 -g3 -c -fmessage-length=0 -MT"src/testperiph.o" -I../../Feed_chacha_bsp/microblaze_0/include -mlittle-endian -mcpu=v9.6 -mxl-soft-mul -Wl,--no-relax -MMD -MP -MF"src/testperiph.d" -MT"src/testperiph.o" -o "src/testperiph.o" "../src/testperiph.c"
Finished building: ../src/testperiph.c
 
Building target: Feed_chacha.elf
Invoking: MicroBlaze gcc linker
mb-gcc -Wl,-T -Wl,../src/lscript.ld -L../../Feed_chacha_bsp/microblaze_0/lib -mlittle-endian -mcpu=v9.6 -mxl-soft-mul -Wl,--no-relax -o "Feed_chacha.elf"  ./src/example.o ./src/testperiph.o   -Wl,--start-group,-lxil,-lgcc,-lc,--end-group
./src/testperiph.o: In function `main':
/home/torbjorn/development/vhdl/cifra/chacha_test2/chacha_test2.sdk/Feed_chacha/Debug/../src/testperiph.c:32: multiple definition of `main'
makefile:36: recipe for target 'Feed_chacha.elf' failed
./src/example.o:/home/torbjorn/development/vhdl/cifra/chacha_test2/chacha_test2.sdk/Feed_chacha/Debug/../src/example.c:82: first defined here
collect2: error: ld returned 1 exit status
make: *** [Feed_chacha.elf] Error 1
13:45:05 **** Incremental Build of configuration Debug for project Feed_chacha ****
make all 
Building target: Feed_chacha.elf
Invoking: MicroBlaze gcc linker
mb-gcc -Wl,-T -Wl,../src/lscript.ld -L../../Feed_chacha_bsp/microblaze_0/lib -mlittle-endian -mcpu=v9.6 -mxl-soft-mul -Wl,--no-relax -o "Feed_chacha.elf"  ./src/example.o ./src/testperiph.o   -Wl,--start-group,-lxil,-lgcc,-lc,--end-group
./src/testperiph.o: In function `main':
/home/torbjorn/development/vhdl/cifra/chacha_test2/chacha_test2.sdk/Feed_chacha/Debug/../src/testperiph.c:32: multiple definition of `main'
makefile:36: recipe for target 'Feed_chacha.elf' failed
./src/example.o:/home/torbjorn/development/vhdl/cifra/chacha_test2/chacha_test2.sdk/Feed_chacha/Debug/../src/example.c:82: first defined here
collect2: error: ld returned 1 exit status
make: *** [Feed_chacha.elf] Error 1
13:45:05 **** Incremental Build of configuration Debug for project hello_world ****
make all 
make: Nothing to be done for 'all'.
13:45:25 **** Auto Build of configuration Debug for project Feed_chacha ****
make all 
Building file: ../src/testperiph.c
Invoking: MicroBlaze gcc compiler
mb-gcc -Wall -O0 -g3 -c -fmessage-length=0 -MT"src/testperiph.o" -I../../Feed_chacha_bsp/microblaze_0/include -mlittle-endian -mcpu=v9.6 -mxl-soft-mul -Wl,--no-relax -MMD -MP -MF"src/testperiph.d" -MT"src/testperiph.o" -o "src/testperiph.o" "../src/testperiph.c"
../src/testperiph.c:10:1: error: unknown type name 'viod'
 viod encrypt(void);
 ^
../src/testperiph.c:18:6: error: conflicting types for 'encrypt'
src/subdir.mk:24: recipe for target 'src/testperiph.o' failed
 void encrypt(void){
      ^
../src/testperiph.c:10:6: note: previous declaration of 'encrypt' was here
 viod encrypt(void);
      ^
make: *** [src/testperiph.o] Error 1
13:45:38 **** Auto Build of configuration Debug for project Feed_chacha ****
make all 
Building file: ../src/testperiph.c
Invoking: MicroBlaze gcc compiler
mb-gcc -Wall -O0 -g3 -c -fmessage-length=0 -MT"src/testperiph.o" -I../../Feed_chacha_bsp/microblaze_0/include -mlittle-endian -mcpu=v9.6 -mxl-soft-mul -Wl,--no-relax -MMD -MP -MF"src/testperiph.d" -MT"src/testperiph.o" -o "src/testperiph.o" "../src/testperiph.c"
Finished building: ../src/testperiph.c
 
Building target: Feed_chacha.elf
Invoking: MicroBlaze gcc linker
mb-gcc -Wl,-T -Wl,../src/lscript.ld -L../../Feed_chacha_bsp/microblaze_0/lib -mlittle-endian -mcpu=v9.6 -mxl-soft-mul -Wl,--no-relax -o "Feed_chacha.elf"  ./src/example.o ./src/testperiph.o   -Wl,--start-group,-lxil,-lgcc,-lc,--end-group
./src/testperiph.o: In function `main':
/home/torbjorn/development/vhdl/cifra/chacha_test2/chacha_test2.sdk/Feed_chacha/Debug/../src/testperiph.c:13: multiple definition of `main'
makefile:36: recipe for target 'Feed_chacha.elf' failed
./src/example.o:/home/torbjorn/development/vhdl/cifra/chacha_test2/chacha_test2.sdk/Feed_chacha/Debug/../src/example.c:82: first defined here
collect2: error: ld returned 1 exit status
make: *** [Feed_chacha.elf] Error 1
13:46:31 **** Auto Build of configuration Debug for project Feed_chacha ****
make all 
Building file: ../src/testperiph.c
Invoking: MicroBlaze gcc compiler
mb-gcc -Wall -O0 -g3 -c -fmessage-length=0 -MT"src/testperiph.o" -I../../Feed_chacha_bsp/microblaze_0/include -mlittle-endian -mcpu=v9.6 -mxl-soft-mul -Wl,--no-relax -MMD -MP -MF"src/testperiph.d" -MT"src/testperiph.o" -o "src/testperiph.o" "../src/testperiph.c"
Finished building: ../src/testperiph.c
 
Building target: Feed_chacha.elf
Invoking: MicroBlaze gcc linker
mb-gcc -Wl,-T -Wl,../src/lscript.ld -L../../Feed_chacha_bsp/microblaze_0/lib -mlittle-endian -mcpu=v9.6 -mxl-soft-mul -Wl,--no-relax -o "Feed_chacha.elf"  ./src/example.o ./src/testperiph.o   -Wl,--start-group,-lxil,-lgcc,-lc,--end-group
./src/testperiph.o: In function `main':
/home/torbjorn/development/vhdl/cifra/chacha_test2/chacha_test2.sdk/Feed_chacha/Debug/../src/testperiph.c:13: multiple definition of `main'
./src/example.o:/home/torbjorn/development/vhdl/cifra/chacha_test2/chacha_test2.sdk/Feed_chacha/Debug/../src/example.c:82: first defined here
makefile:36: recipe for target 'Feed_chacha.elf' failed
collect2: error: ld returned 1 exit status
make: *** [Feed_chacha.elf] Error 1
13:52:40 **** Auto Build of configuration Debug for project Feed_chacha ****
make all 
Building file: ../src/testperiph.c
Invoking: MicroBlaze gcc compiler
mb-gcc -Wall -O0 -g3 -c -fmessage-length=0 -MT"src/testperiph.o" -I../../Feed_chacha_bsp/microblaze_0/include -mlittle-endian -mcpu=v9.6 -mxl-soft-mul -Wl,--no-relax -MMD -MP -MF"src/testperiph.d" -MT"src/testperiph.o" -o "src/testperiph.o" "../src/testperiph.c"
Finished building: ../src/testperiph.c
 
Building target: Feed_chacha.elf
Invoking: MicroBlaze gcc linker
mb-gcc -Wl,-T -Wl,../src/lscript.ld -L../../Feed_chacha_bsp/microblaze_0/lib -mlittle-endian -mcpu=v9.6 -mxl-soft-mul -Wl,--no-relax -o "Feed_chacha.elf"  ./src/example.o ./src/testperiph.o   -Wl,--start-group,-lxil,-lgcc,-lc,--end-group
./src/testperiph.o: In function `main':
/home/torbjorn/development/vhdl/cifra/chacha_test2/chacha_test2.sdk/Feed_chacha/Debug/../src/testperiph.c:13: multiple definition of `main'
makefile:36: recipe for target 'Feed_chacha.elf' failed
./src/example.o:/home/torbjorn/development/vhdl/cifra/chacha_test2/chacha_test2.sdk/Feed_chacha/Debug/../src/example.c:82: first defined here
collect2: error: ld returned 1 exit status
make: *** [Feed_chacha.elf] Error 1
13:52:50 **** Auto Build of configuration Debug for project Feed_chacha ****
make all 
Building file: ../src/testperiph.c
Invoking: MicroBlaze gcc compiler
mb-gcc -Wall -O0 -g3 -c -fmessage-length=0 -MT"src/testperiph.o" -I../../Feed_chacha_bsp/microblaze_0/include -mlittle-endian -mcpu=v9.6 -mxl-soft-mul -Wl,--no-relax -MMD -MP -MF"src/testperiph.d" -MT"src/testperiph.o" -o "src/testperiph.o" "../src/testperiph.c"
../src/testperiph.c: In function 'main':
../src/testperiph.c:14:2: warning: implicit declaration of function 'encrypt' [-Wimplicit-function-declaration]
  encrypt();
  ^
../src/testperiph.c: At top level:
../src/testperiph.c:17:1: error: unterminated comment
 /*
src/subdir.mk:24: recipe for target 'src/testperiph.o' failed
 ^
make: *** [src/testperiph.o] Error 1
13:52:56 **** Auto Build of configuration Debug for project Feed_chacha ****
make all 
Building file: ../src/testperiph.c
Invoking: MicroBlaze gcc compiler
mb-gcc -Wall -O0 -g3 -c -fmessage-length=0 -MT"src/testperiph.o" -I../../Feed_chacha_bsp/microblaze_0/include -mlittle-endian -mcpu=v9.6 -mxl-soft-mul -Wl,--no-relax -MMD -MP -MF"src/testperiph.d" -MT"src/testperiph.o" -o "src/testperiph.o" "../src/testperiph.c"
../src/testperiph.c: In function 'main':
../src/testperiph.c:14:2: warning: implicit declaration of function 'encrypt' [-Wimplicit-function-declaration]
  encrypt();
  ^
Finished building: ../src/testperiph.c
 
Building target: Feed_chacha.elf
Invoking: MicroBlaze gcc linker
mb-gcc -Wl,-T -Wl,../src/lscript.ld -L../../Feed_chacha_bsp/microblaze_0/lib -mlittle-endian -mcpu=v9.6 -mxl-soft-mul -Wl,--no-relax -o "Feed_chacha.elf"  ./src/example.o ./src/testperiph.o   -Wl,--start-group,-lxil,-lgcc,-lc,--end-group
./src/testperiph.o: In function `main':
/home/torbjorn/development/vhdl/cifra/chacha_test2/chacha_test2.sdk/Feed_chacha/Debug/../src/testperiph.c:13: multiple definition of `main'
makefile:36: recipe for target 'Feed_chacha.elf' failed
./src/example.o:/home/torbjorn/development/vhdl/cifra/chacha_test2/chacha_test2.sdk/Feed_chacha/Debug/../src/example.c:82: first defined here
./src/testperiph.o: In function `main':
(.text+0x10): undefined reference to `encrypt'
collect2: error: ld returned 1 exit status
make: *** [Feed_chacha.elf] Error 1
13:53:02 **** Auto Build of configuration Debug for project Feed_chacha ****
make all 
Building file: ../src/testperiph.c
Invoking: MicroBlaze gcc compiler
mb-gcc -Wall -O0 -g3 -c -fmessage-length=0 -MT"src/testperiph.o" -I../../Feed_chacha_bsp/microblaze_0/include -mlittle-endian -mcpu=v9.6 -mxl-soft-mul -Wl,--no-relax -MMD -MP -MF"src/testperiph.d" -MT"src/testperiph.o" -o "src/testperiph.o" "../src/testperiph.c"
Finished building: ../src/testperiph.c
 
Building target: Feed_chacha.elf
Invoking: MicroBlaze gcc linker
mb-gcc -Wl,-T -Wl,../src/lscript.ld -L../../Feed_chacha_bsp/microblaze_0/lib -mlittle-endian -mcpu=v9.6 -mxl-soft-mul -Wl,--no-relax -o "Feed_chacha.elf"  ./src/example.o ./src/testperiph.o   -Wl,--start-group,-lxil,-lgcc,-lc,--end-group
./src/testperiph.o: In function `main':
/home/torbjorn/development/vhdl/cifra/chacha_test2/chacha_test2.sdk/Feed_chacha/Debug/../src/testperiph.c:13: multiple definition of `main'
makefile:36: recipe for target 'Feed_chacha.elf' failed
./src/example.o:/home/torbjorn/development/vhdl/cifra/chacha_test2/chacha_test2.sdk/Feed_chacha/Debug/../src/example.c:82: first defined here
collect2: error: ld returned 1 exit status
make: *** [Feed_chacha.elf] Error 1
13:53:28 **** Auto Build of configuration Debug for project Feed_chacha ****
make all 
Building file: ../src/testperiph.c
Invoking: MicroBlaze gcc compiler
mb-gcc -Wall -O0 -g3 -c -fmessage-length=0 -MT"src/testperiph.o" -I../../Feed_chacha_bsp/microblaze_0/include -mlittle-endian -mcpu=v9.6 -mxl-soft-mul -Wl,--no-relax -MMD -MP -MF"src/testperiph.d" -MT"src/testperiph.o" -o "src/testperiph.o" "../src/testperiph.c"
Finished building: ../src/testperiph.c
 
Building target: Feed_chacha.elf
Invoking: MicroBlaze gcc linker
mb-gcc -Wl,-T -Wl,../src/lscript.ld -L../../Feed_chacha_bsp/microblaze_0/lib -mlittle-endian -mcpu=v9.6 -mxl-soft-mul -Wl,--no-relax -o "Feed_chacha.elf"  ./src/example.o ./src/testperiph.o   -Wl,--start-group,-lxil,-lgcc,-lc,--end-group
./src/testperiph.o: In function `main':
/home/torbjorn/development/vhdl/cifra/chacha_test2/chacha_test2.sdk/Feed_chacha/Debug/../src/testperiph.c:13: multiple definition of `main'
makefile:36: recipe for target 'Feed_chacha.elf' failed
./src/example.o:/home/torbjorn/development/vhdl/cifra/chacha_test2/chacha_test2.sdk/Feed_chacha/Debug/../src/example.c:82: first defined here
collect2: error: ld returned 1 exit status
make: *** [Feed_chacha.elf] Error 1
13:53:44 **** Auto Build of configuration Debug for project Feed_chacha ****
make all 
Building file: ../src/testperiph.c
Invoking: MicroBlaze gcc compiler
mb-gcc -Wall -O0 -g3 -c -fmessage-length=0 -MT"src/testperiph.o" -I../../Feed_chacha_bsp/microblaze_0/include -mlittle-endian -mcpu=v9.6 -mxl-soft-mul -Wl,--no-relax -MMD -MP -MF"src/testperiph.d" -MT"src/testperiph.o" -o "src/testperiph.o" "../src/testperiph.c"
../src/testperiph.c:13:6: warning: return type of 'main' is not 'int' [-Wmain]
 void main(void){
      ^
Finished building: ../src/testperiph.c
 
Building target: Feed_chacha.elf
Invoking: MicroBlaze gcc linker
mb-gcc -Wl,-T -Wl,../src/lscript.ld -L../../Feed_chacha_bsp/microblaze_0/lib -mlittle-endian -mcpu=v9.6 -mxl-soft-mul -Wl,--no-relax -o "Feed_chacha.elf"  ./src/example.o ./src/testperiph.o   -Wl,--start-group,-lxil,-lgcc,-lc,--end-group
./src/testperiph.o: In function `main':
/home/torbjorn/development/vhdl/cifra/chacha_test2/chacha_test2.sdk/Feed_chacha/Debug/../src/testperiph.c:13: multiple definition of `main'
makefile:36: recipe for target 'Feed_chacha.elf' failed
./src/example.o:/home/torbjorn/development/vhdl/cifra/chacha_test2/chacha_test2.sdk/Feed_chacha/Debug/../src/example.c:82: first defined here
collect2: error: ld returned 1 exit status
make: *** [Feed_chacha.elf] Error 1
13:54:03 **** Auto Build of configuration Debug for project Feed_chacha ****
make all 
Building file: ../src/testperiph.c
Invoking: MicroBlaze gcc compiler
mb-gcc -Wall -O0 -g3 -c -fmessage-length=0 -MT"src/testperiph.o" -I../../Feed_chacha_bsp/microblaze_0/include -mlittle-endian -mcpu=v9.6 -mxl-soft-mul -Wl,--no-relax -MMD -MP -MF"src/testperiph.d" -MT"src/testperiph.o" -o "src/testperiph.o" "../src/testperiph.c"
Finished building: ../src/testperiph.c
 
Building target: Feed_chacha.elf
Invoking: MicroBlaze gcc linker
mb-gcc -Wl,-T -Wl,../src/lscript.ld -L../../Feed_chacha_bsp/microblaze_0/lib -mlittle-endian -mcpu=v9.6 -mxl-soft-mul -Wl,--no-relax -o "Feed_chacha.elf"  ./src/example.o ./src/testperiph.o   -Wl,--start-group,-lxil,-lgcc,-lc,--end-group
./src/testperiph.o: In function `main':
/home/torbjorn/development/vhdl/cifra/chacha_test2/chacha_test2.sdk/Feed_chacha/Debug/../src/testperiph.c:13: multiple definition of `main'
makefile:36: recipe for target 'Feed_chacha.elf' failed
./src/example.o:/home/torbjorn/development/vhdl/cifra/chacha_test2/chacha_test2.sdk/Feed_chacha/Debug/../src/example.c:82: first defined here
collect2: error: ld returned 1 exit status
make: *** [Feed_chacha.elf] Error 1
13:54:31 **** Build of project feed_chacah_bsp ****
make -k all 
Running Make include in microblaze_0/libsrc/bram_v4_1/src
make -C microblaze_0/libsrc/bram_v4_1/src -s include  "SHELL=/bin/sh" "COMPILER=mb-gcc" "ARCHIVER=mb-ar" "COMPILER_FLAGS= -O2 -c -mcpu=v9.6 -mlittle-endian -mxl-soft-mul" "EXTRA_COMPILER_FLAGS=-g"
Running Make include in microblaze_0/libsrc/uartlite_v3_2/src
make -C microblaze_0/libsrc/uartlite_v3_2/src -s include  "SHELL=/bin/sh" "COMPILER=mb-gcc" "ARCHIVER=mb-ar" "COMPILER_FLAGS= -O2 -c -mcpu=v9.6 -mlittle-endian -mxl-soft-mul" "EXTRA_COMPILER_FLAGS=-g"
Running Make include in microblaze_0/libsrc/standalone_v5_5/src
make -C microblaze_0/libsrc/standalone_v5_5/src -s include  "SHELL=/bin/sh" "COMPILER=mb-gcc" "ARCHIVER=mb-ar" "COMPILER_FLAGS= -O2 -c -mcpu=v9.6 -mlittle-endian -mxl-soft-mul" "EXTRA_COMPILER_FLAGS=-g"
Running Make include in microblaze_0/libsrc/cpu_v2_5/src
make -C microblaze_0/libsrc/cpu_v2_5/src -s include  "SHELL=/bin/sh" "COMPILER=mb-gcc" "ARCHIVER=mb-ar" "COMPILER_FLAGS= -O2 -c -mcpu=v9.6 -mlittle-endian -mxl-soft-mul" "EXTRA_COMPILER_FLAGS=-g"
Running Make libs in microblaze_0/libsrc/bram_v4_1/src
make -C microblaze_0/libsrc/bram_v4_1/src -s libs  "SHELL=/bin/sh" "COMPILER=mb-gcc" "ARCHIVER=mb-ar" "COMPILER_FLAGS= -O2 -c -mcpu=v9.6 -mlittle-endian -mxl-soft-mul" "EXTRA_COMPILER_FLAGS=-g"
Compiling bram
mb-ar: creating ../../../lib/libxil.a
Running Make libs in microblaze_0/libsrc/uartlite_v3_2/src
make -C microblaze_0/libsrc/uartlite_v3_2/src -s libs  "SHELL=/bin/sh" "COMPILER=mb-gcc" "ARCHIVER=mb-ar" "COMPILER_FLAGS= -O2 -c -mcpu=v9.6 -mlittle-endian -mxl-soft-mul" "EXTRA_COMPILER_FLAGS=-g"
Compiling uartlite
Running Make libs in microblaze_0/libsrc/standalone_v5_5/src
make -C microblaze_0/libsrc/standalone_v5_5/src -s libs  "SHELL=/bin/sh" "COMPILER=mb-gcc" "ARCHIVER=mb-ar" "COMPILER_FLAGS= -O2 -c -mcpu=v9.6 -mlittle-endian -mxl-soft-mul" "EXTRA_COMPILER_FLAGS=-g"
Compiling standalone
Running Make libs in microblaze_0/libsrc/cpu_v2_5/src
make -C microblaze_0/libsrc/cpu_v2_5/src -s libs  "SHELL=/bin/sh" "COMPILER=mb-gcc" "ARCHIVER=mb-ar" "COMPILER_FLAGS= -O2 -c -mcpu=v9.6 -mlittle-endian -mxl-soft-mul" "EXTRA_COMPILER_FLAGS=-g"
Compiling cpu
Finished building libraries

**** Build of configuration Debug for project feed_chacah ****

Nothing to build for project feed_chacah
13:54:59 **** Auto Build of configuration Debug for project feed_chacah ****
make all 
Building file: ../src/main.c
Invoking: MicroBlaze gcc compiler
mb-gcc -Wall -O0 -g3 -c -fmessage-length=0 -MT"src/main.o" -I../../feed_chacah_bsp/microblaze_0/include -mlittle-endian -mcpu=v9.6 -mxl-soft-mul -Wl,--no-relax -MMD -MP -MF"src/main.d" -MT"src/main.o" -o "src/main.o" "../src/main.c"
Finished building: ../src/main.c
 
Building target: feed_chacah.elf
Invoking: MicroBlaze gcc linker
mb-gcc -Wl,-T -Wl,../src/lscript.ld -L../../feed_chacah_bsp/microblaze_0/lib -mlittle-endian -mcpu=v9.6 -mxl-soft-mul -Wl,--no-relax -o "feed_chacah.elf"  ./src/main.o   -Wl,--start-group,-lxil,-lgcc,-lc,--end-group
/home/torbjorn/programs/SDK/2016.2/gnu/microblaze/lin/bin/../lib/gcc/microblaze-xilinx-elf/5.2.0/../../../../microblaze-xilinx-elf/lib/le/crtinit.o: In function `_crtinit':
(.text+0x78): undefined reference to `main'
makefile:36: recipe for target 'feed_chacah.elf' failed
collect2: error: ld returned 1 exit status
make: *** [feed_chacah.elf] Error 1
13:55:18 **** Auto Build of configuration Debug for project feed_chacah ****
make all 
Building file: ../src/main.c
Invoking: MicroBlaze gcc compiler
mb-gcc -Wall -O0 -g3 -c -fmessage-length=0 -MT"src/main.o" -I../../feed_chacah_bsp/microblaze_0/include -mlittle-endian -mcpu=v9.6 -mxl-soft-mul -Wl,--no-relax -MMD -MP -MF"src/main.d" -MT"src/main.o" -o "src/main.o" "../src/main.c"
Finished building: ../src/main.c
 
Building target: feed_chacah.elf
Invoking: MicroBlaze gcc linker
mb-gcc -Wl,-T -Wl,../src/lscript.ld -L../../feed_chacah_bsp/microblaze_0/lib -mlittle-endian -mcpu=v9.6 -mxl-soft-mul -Wl,--no-relax -o "feed_chacah.elf"  ./src/main.o   -Wl,--start-group,-lxil,-lgcc,-lc,--end-group
Finished building target: feed_chacah.elf
 
Invoking: MicroBlaze Print Size
mb-size feed_chacah.elf  |tee "feed_chacah.elf.size"
   text	   data	    bss	    dec	    hex	filename
   2056	    288	   3120	   5464	   1558	feed_chacah.elf
Finished building: feed_chacah.elf.size
 
13:56:06 **** Auto Build of configuration Debug for project feed_chacah ****
make all 
Building file: ../src/main.c
Invoking: MicroBlaze gcc compiler
mb-gcc -Wall -O0 -g3 -c -fmessage-length=0 -MT"src/main.o" -I../../feed_chacah_bsp/microblaze_0/include -mlittle-endian -mcpu=v9.6 -mxl-soft-mul -Wl,--no-relax -MMD -MP -MF"src/main.d" -MT"src/main.o" -o "src/main.o" "../src/main.c"
Finished building: ../src/main.c
 
Building target: feed_chacah.elf
Invoking: MicroBlaze gcc linker
mb-gcc -Wl,-T -Wl,../src/lscript.ld -L../../feed_chacah_bsp/microblaze_0/lib -mlittle-endian -mcpu=v9.6 -mxl-soft-mul -Wl,--no-relax -o "feed_chacah.elf"  ./src/main.o   -Wl,--start-group,-lxil,-lgcc,-lc,--end-group
Finished building target: feed_chacah.elf
 
Invoking: MicroBlaze Print Size
mb-size feed_chacah.elf  |tee "feed_chacah.elf.size"
   text	   data	    bss	    dec	    hex	filename
   2056	    288	   3120	   5464	   1558	feed_chacah.elf
Finished building: feed_chacah.elf.size
 
13:56:30 **** Auto Build of configuration Debug for project feed_chacah ****
make all 
Building file: ../src/main.c
Invoking: MicroBlaze gcc compiler
mb-gcc -Wall -O0 -g3 -c -fmessage-length=0 -MT"src/main.o" -I../../feed_chacah_bsp/microblaze_0/include -mlittle-endian -mcpu=v9.6 -mxl-soft-mul -Wl,--no-relax -MMD -MP -MF"src/main.d" -MT"src/main.o" -o "src/main.o" "../src/main.c"
Finished building: ../src/main.c
 
Building target: feed_chacah.elf
Invoking: MicroBlaze gcc linker
mb-gcc -Wl,-T -Wl,../src/lscript.ld -L../../feed_chacah_bsp/microblaze_0/lib -mlittle-endian -mcpu=v9.6 -mxl-soft-mul -Wl,--no-relax -o "feed_chacah.elf"  ./src/main.o   -Wl,--start-group,-lxil,-lgcc,-lc,--end-group
Finished building target: feed_chacah.elf
 
Invoking: MicroBlaze Print Size
mb-size feed_chacah.elf  |tee "feed_chacah.elf.size"
   text	   data	    bss	    dec	    hex	filename
   2108	    288	   3124	   5520	   1590	feed_chacah.elf
Finished building: feed_chacah.elf.size
 
13:57:05 **** Auto Build of configuration Debug for project feed_chacah ****
make all 
Building file: ../src/main.c
Invoking: MicroBlaze gcc compiler
mb-gcc -Wall -O0 -g3 -c -fmessage-length=0 -MT"src/main.o" -I../../feed_chacah_bsp/microblaze_0/include -mlittle-endian -mcpu=v9.6 -mxl-soft-mul -Wl,--no-relax -MMD -MP -MF"src/main.d" -MT"src/main.o" -o "src/main.o" "../src/main.c"
Finished building: ../src/main.c
 
Building target: feed_chacah.elf
Invoking: MicroBlaze gcc linker
mb-gcc -Wl,-T -Wl,../src/lscript.ld -L../../feed_chacah_bsp/microblaze_0/lib -mlittle-endian -mcpu=v9.6 -mxl-soft-mul -Wl,--no-relax -o "feed_chacah.elf"  ./src/main.o   -Wl,--start-group,-lxil,-lgcc,-lc,--end-group
Finished building target: feed_chacah.elf
 
Invoking: MicroBlaze Print Size
mb-size feed_chacah.elf  |tee "feed_chacah.elf.size"
   text	   data	    bss	    dec	    hex	filename
   2108	    288	   3124	   5520	   1590	feed_chacah.elf
Finished building: feed_chacah.elf.size
 
13:57:55 **** Auto Build of configuration Debug for project feed_chacah ****
make all 
Building file: ../src/main.c
Invoking: MicroBlaze gcc compiler
mb-gcc -Wall -O0 -g3 -c -fmessage-length=0 -MT"src/main.o" -I../../feed_chacah_bsp/microblaze_0/include -mlittle-endian -mcpu=v9.6 -mxl-soft-mul -Wl,--no-relax -MMD -MP -MF"src/main.d" -MT"src/main.o" -o "src/main.o" "../src/main.c"
../src/main.c: In function 'encrypt':
../src/main.c:17:6: error: 'index' undeclared (first use in this function)
src/subdir.mk:21: recipe for target 'src/main.o' failed
  for(index = 0; index < 32; index ++){
      ^
../src/main.c:17:6: note: each undeclared identifier is reported only once for each function it appears in
../src/main.c:18:3: error: 'raw' undeclared (first use in this function)
   raw[index] = 9;
   ^
make: *** [src/main.o] Error 1
13:58:08 **** Auto Build of configuration Debug for project feed_chacah ****
make all 
Building file: ../src/main.c
Invoking: MicroBlaze gcc compiler
mb-gcc -Wall -O0 -g3 -c -fmessage-length=0 -MT"src/main.o" -I../../feed_chacah_bsp/microblaze_0/include -mlittle-endian -mcpu=v9.6 -mxl-soft-mul -Wl,--no-relax -MMD -MP -MF"src/main.d" -MT"src/main.o" -o "src/main.o" "../src/main.c"
../src/main.c: In function 'encrypt':
../src/main.c:17:6: error: expected identifier or '(' before '[' token
  char[32];
src/subdir.mk:21: recipe for target 'src/main.o' failed
      ^
../src/main.c:19:3: error: 'raw' undeclared (first use in this function)
   raw[index] = 9;
   ^
../src/main.c:19:3: note: each undeclared identifier is reported only once for each function it appears in
make: *** [src/main.o] Error 1
13:58:25 **** Auto Build of configuration Debug for project feed_chacah ****
make all 
Building file: ../src/main.c
Invoking: MicroBlaze gcc compiler
mb-gcc -Wall -O0 -g3 -c -fmessage-length=0 -MT"src/main.o" -I../../feed_chacah_bsp/microblaze_0/include -mlittle-endian -mcpu=v9.6 -mxl-soft-mul -Wl,--no-relax -MMD -MP -MF"src/main.d" -MT"src/main.o" -o "src/main.o" "../src/main.c"
../src/main.c: In function 'encrypt':
../src/main.c:17:7: warning: variable 'raw' set but not used [-Wunused-but-set-variable]
  char raw[32];
       ^
Finished building: ../src/main.c
 
Building target: feed_chacah.elf
Invoking: MicroBlaze gcc linker
mb-gcc -Wl,-T -Wl,../src/lscript.ld -L../../feed_chacah_bsp/microblaze_0/lib -mlittle-endian -mcpu=v9.6 -mxl-soft-mul -Wl,--no-relax -o "feed_chacah.elf"  ./src/main.o   -Wl,--start-group,-lxil,-lgcc,-lc,--end-group
Finished building target: feed_chacah.elf
 
Invoking: MicroBlaze Print Size
mb-size feed_chacah.elf  |tee "feed_chacah.elf.size"
   text	   data	    bss	    dec	    hex	filename
   2164	    288	   3124	   5576	   15c8	feed_chacah.elf
Finished building: feed_chacah.elf.size
 
13:59:29 **** Auto Build of configuration Debug for project feed_chacah ****
make all 
Building file: ../src/main.c
Invoking: MicroBlaze gcc compiler
mb-gcc -Wall -O0 -g3 -c -fmessage-length=0 -MT"src/main.o" -I../../feed_chacah_bsp/microblaze_0/include -mlittle-endian -mcpu=v9.6 -mxl-soft-mul -Wl,--no-relax -MMD -MP -MF"src/main.d" -MT"src/main.o" -o "src/main.o" "../src/main.c"
../src/main.c: In function 'encrypt':
../src/main.c:21:2: warning: implicit declaration of function 'xil_printf' [-Wimplicit-function-declaration]
  xil_printf("raw file %d", raw);
  ^
Finished building: ../src/main.c
 
Building target: feed_chacah.elf
Invoking: MicroBlaze gcc linker
mb-gcc -Wl,-T -Wl,../src/lscript.ld -L../../feed_chacah_bsp/microblaze_0/lib -mlittle-endian -mcpu=v9.6 -mxl-soft-mul -Wl,--no-relax -o "feed_chacah.elf"  ./src/main.o   -Wl,--start-group,-lxil,-lgcc,-lc,--end-group
Finished building target: feed_chacah.elf
 
Invoking: MicroBlaze Print Size
mb-size feed_chacah.elf  |tee "feed_chacah.elf.size"
   text	   data	    bss	    dec	    hex	filename
   5556	    292	   3128	   8976	   2310	feed_chacah.elf
Finished building: feed_chacah.elf.size
 
14:03:13 **** Auto Build of configuration Debug for project feed_chacah ****
make all 
Building file: ../src/main.c
Invoking: MicroBlaze gcc compiler
mb-gcc -Wall -O0 -g3 -c -fmessage-length=0 -MT"src/main.o" -I../../feed_chacah_bsp/microblaze_0/include -mlittle-endian -mcpu=v9.6 -mxl-soft-mul -Wl,--no-relax -MMD -MP -MF"src/main.d" -MT"src/main.o" -o "src/main.o" "../src/main.c"
../src/main.c: In function 'encrypt':
../src/main.c:23:2: warning: implicit declaration of function 'xil_printf' [-Wimplicit-function-declaration]
  xil_printf("raw file %d", raw);
  ^
Finished building: ../src/main.c
 
Building target: feed_chacah.elf
Invoking: MicroBlaze gcc linker
mb-gcc -Wl,-T -Wl,../src/lscript.ld -L../../feed_chacah_bsp/microblaze_0/lib -mlittle-endian -mcpu=v9.6 -mxl-soft-mul -Wl,--no-relax -o "feed_chacah.elf"  ./src/main.o   -Wl,--start-group,-lxil,-lgcc,-lc,--end-group
Finished building target: feed_chacah.elf
 
Invoking: MicroBlaze Print Size
mb-size feed_chacah.elf  |tee "feed_chacah.elf.size"
   text	   data	    bss	    dec	    hex	filename
   5556	    292	   3128	   8976	   2310	feed_chacah.elf
Finished building: feed_chacah.elf.size
 
14:03:27 **** Auto Build of configuration Debug for project feed_chacah ****
make all 
Building file: ../src/main.c
Invoking: MicroBlaze gcc compiler
mb-gcc -Wall -O0 -g3 -c -fmessage-length=0 -MT"src/main.o" -I../../feed_chacah_bsp/microblaze_0/include -mlittle-endian -mcpu=v9.6 -mxl-soft-mul -Wl,--no-relax -MMD -MP -MF"src/main.d" -MT"src/main.o" -o "src/main.o" "../src/main.c"
../src/main.c: In function 'encrypt':
../src/main.c:23:2: warning: implicit declaration of function 'xil_printf' [-Wimplicit-function-declaration]
  xil_printf("raw file %d", raw);
  ^
Finished building: ../src/main.c
 
Building target: feed_chacah.elf
Invoking: MicroBlaze gcc linker
mb-gcc -Wl,-T -Wl,../src/lscript.ld -L../../feed_chacah_bsp/microblaze_0/lib -mlittle-endian -mcpu=v9.6 -mxl-soft-mul -Wl,--no-relax -o "feed_chacah.elf"  ./src/main.o   -Wl,--start-group,-lxil,-lgcc,-lc,--end-group
Finished building target: feed_chacah.elf
 
Invoking: MicroBlaze Print Size
mb-size feed_chacah.elf  |tee "feed_chacah.elf.size"
   text	   data	    bss	    dec	    hex	filename
   5556	    292	   3128	   8976	   2310	feed_chacah.elf
Finished building: feed_chacah.elf.size
 
14:04:00 **** Auto Build of configuration Debug for project feed_chacah ****
make all 
Building file: ../src/main.c
Invoking: MicroBlaze gcc compiler
mb-gcc -Wall -O0 -g3 -c -fmessage-length=0 -MT"src/main.o" -I../../feed_chacah_bsp/microblaze_0/include -mlittle-endian -mcpu=v9.6 -mxl-soft-mul -Wl,--no-relax -MMD -MP -MF"src/main.d" -MT"src/main.o" -o "src/main.o" "../src/main.c"
../src/main.c:8:21: fatal error: xtmrctr.h: No such file or directory
src/subdir.mk:21: recipe for target 'src/main.o' failed
compilation terminated.
make: *** [src/main.o] Error 1
14:04:13 **** Auto Build of configuration Debug for project feed_chacah ****
make all 
Building file: ../src/main.c
Invoking: MicroBlaze gcc compiler
mb-gcc -Wall -O0 -g3 -c -fmessage-length=0 -MT"src/main.o" -I../../feed_chacah_bsp/microblaze_0/include -mlittle-endian -mcpu=v9.6 -mxl-soft-mul -Wl,--no-relax -MMD -MP -MF"src/main.d" -MT"src/main.o" -o "src/main.o" "../src/main.c"
../src/main.c:8:21: fatal error: xtmrctr.h: No such file or directory
src/subdir.mk:21: recipe for target 'src/main.o' failed
compilation terminated.
make: *** [src/main.o] Error 1
14:04:19 **** Auto Build of configuration Debug for project feed_chacah ****
make all 
Building file: ../src/main.c
Invoking: MicroBlaze gcc compiler
mb-gcc -Wall -O0 -g3 -c -fmessage-length=0 -MT"src/main.o" -I../../feed_chacah_bsp/microblaze_0/include -mlittle-endian -mcpu=v9.6 -mxl-soft-mul -Wl,--no-relax -MMD -MP -MF"src/main.d" -MT"src/main.o" -o "src/main.o" "../src/main.c"
../src/main.c: In function 'encrypt':
../src/main.c:23:2: warning: implicit declaration of function 'xil_printf' [-Wimplicit-function-declaration]
  xil_printf("raw file %d", raw);
  ^
Finished building: ../src/main.c
 
Building target: feed_chacah.elf
Invoking: MicroBlaze gcc linker
mb-gcc -Wl,-T -Wl,../src/lscript.ld -L../../feed_chacah_bsp/microblaze_0/lib -mlittle-endian -mcpu=v9.6 -mxl-soft-mul -Wl,--no-relax -o "feed_chacah.elf"  ./src/main.o   -Wl,--start-group,-lxil,-lgcc,-lc,--end-group
Finished building target: feed_chacah.elf
 
Invoking: MicroBlaze Print Size
mb-size feed_chacah.elf  |tee "feed_chacah.elf.size"
   text	   data	    bss	    dec	    hex	filename
   5556	    292	   3128	   8976	   2310	feed_chacah.elf
Finished building: feed_chacah.elf.size
 
14:05:58 **** Auto Build of configuration Debug for project feed_chacah ****
make all 
Building file: ../src/main.c
Invoking: MicroBlaze gcc compiler
mb-gcc -Wall -O0 -g3 -c -fmessage-length=0 -MT"src/main.o" -I../../feed_chacah_bsp/microblaze_0/include -mlittle-endian -mcpu=v9.6 -mxl-soft-mul -Wl,--no-relax -MMD -MP -MF"src/main.d" -MT"src/main.o" -o "src/main.o" "../src/main.c"
Finished building: ../src/main.c
 
Building target: feed_chacah.elf
Invoking: MicroBlaze gcc linker
mb-gcc -Wl,-T -Wl,../src/lscript.ld -L../../feed_chacah_bsp/microblaze_0/lib -mlittle-endian -mcpu=v9.6 -mxl-soft-mul -Wl,--no-relax -o "feed_chacah.elf"  ./src/main.o   -Wl,--start-group,-lxil,-lgcc,-lc,--end-group
Finished building target: feed_chacah.elf
 
Invoking: MicroBlaze Print Size
mb-size feed_chacah.elf  |tee "feed_chacah.elf.size"
   text	   data	    bss	    dec	    hex	filename
   5556	    292	   3128	   8976	   2310	feed_chacah.elf
Finished building: feed_chacah.elf.size
 
14:22:22 **** Auto Build of configuration Debug for project Feed_chacha ****
make all 
Building file: ../src/testperiph.c
Invoking: MicroBlaze gcc compiler
mb-gcc -Wall -O0 -g3 -c -fmessage-length=0 -MT"src/testperiph.o" -I../../Feed_chacha_bsp/microblaze_0/include -mlittle-endian -mcpu=v9.6 -mxl-soft-mul -Wl,--no-relax -MMD -MP -MF"src/testperiph.d" -MT"src/testperiph.o" -o "src/testperiph.o" "../src/testperiph.c"
../src/testperiph.c: In function 'main':
../src/testperiph.c:14:2: warning: implicit declaration of function 'encrypt' [-Wimplicit-function-declaration]
  encrypt();
  ^
../src/testperiph.c: At top level:
../src/testperiph.c:18:6: warning: conflicting types for 'encrypt'
 void encrypt(void){
      ^
../src/testperiph.c:14:2: note: previous implicit declaration of 'encrypt' was here
  encrypt();
  ^
Finished building: ../src/testperiph.c
 
Building target: Feed_chacha.elf
Invoking: MicroBlaze gcc linker
mb-gcc -Wl,-T -Wl,../src/lscript.ld -L../../Feed_chacha_bsp/microblaze_0/lib -mlittle-endian -mcpu=v9.6 -mxl-soft-mul -Wl,--no-relax -o "Feed_chacha.elf"  ./src/example.o ./src/testperiph.o   -Wl,--start-group,-lxil,-lgcc,-lc,--end-group
./src/testperiph.o: In function `main':
/home/torbjorn/development/vhdl/cifra/chacha_test2/chacha_test2.sdk/Feed_chacha/Debug/../src/testperiph.c:13: multiple definition of `main'
./src/example.o:/home/torbjorn/development/vhdl/cifra/chacha_test2/chacha_test2.sdk/Feed_chacha/Debug/../src/example.c:82: first defined here
collect2: error: ld returned 1 exit status
make: *** [Feed_chacha.elf] Error 1
makefile:36: recipe for target 'Feed_chacha.elf' failed
14:25:08 **** Auto Build of configuration Debug for project feed_chacah ****
make all 
Building file: ../src/main.c
Invoking: MicroBlaze gcc compiler
mb-gcc -Wall -O0 -g3 -c -fmessage-length=0 -MT"src/main.o" -I../../feed_chacah_bsp/microblaze_0/include -mlittle-endian -mcpu=v9.6 -mxl-soft-mul -Wl,--no-relax -MMD -MP -MF"src/main.d" -MT"src/main.o" -o "src/main.o" "../src/main.c"
../src/main.c: In function 'encrypt':
../src/main.c:26:7: error: 'jindex' undeclared (first use in this function)
   for(jindex = 0; jindex < 32; jindex++)
       ^
../src/main.c:26:7: note: each undeclared identifier is reported only once for each function it appears in
src/subdir.mk:21: recipe for target 'src/main.o' failed
../src/main.c:27:3: error: 'null' undeclared (first use in this function)
   null;
   ^
make: *** [src/main.o] Error 1
14:25:21 **** Auto Build of configuration Debug for project feed_chacah ****
make all 
Building file: ../src/main.c
Invoking: MicroBlaze gcc compiler
mb-gcc -Wall -O0 -g3 -c -fmessage-length=0 -MT"src/main.o" -I../../feed_chacah_bsp/microblaze_0/include -mlittle-endian -mcpu=v9.6 -mxl-soft-mul -Wl,--no-relax -MMD -MP -MF"src/main.d" -MT"src/main.o" -o "src/main.o" "../src/main.c"
../src/main.c: In function 'encrypt':
../src/main.c:28:2: error: expected expression before '}' token
  }
  ^
make: *** [src/main.o] Error 1
src/subdir.mk:21: recipe for target 'src/main.o' failed
14:25:29 **** Auto Build of configuration Debug for project feed_chacah ****
make all 
Building file: ../src/main.c
Invoking: MicroBlaze gcc compiler
mb-gcc -Wall -O0 -g3 -c -fmessage-length=0 -MT"src/main.o" -I../../feed_chacah_bsp/microblaze_0/include -mlittle-endian -mcpu=v9.6 -mxl-soft-mul -Wl,--no-relax -MMD -MP -MF"src/main.d" -MT"src/main.o" -o "src/main.o" "../src/main.c"
../src/main.c: In function 'encrypt':
../src/main.c:29:1: error: expected declaration or statement at end of input
 }
 ^
make: *** [src/main.o] Error 1
src/subdir.mk:21: recipe for target 'src/main.o' failed
14:25:50 **** Auto Build of configuration Debug for project feed_chacah ****
make all 
Building file: ../src/main.c
Invoking: MicroBlaze gcc compiler
mb-gcc -Wall -O0 -g3 -c -fmessage-length=0 -MT"src/main.o" -I../../feed_chacah_bsp/microblaze_0/include -mlittle-endian -mcpu=v9.6 -mxl-soft-mul -Wl,--no-relax -MMD -MP -MF"src/main.d" -MT"src/main.o" -o "src/main.o" "../src/main.c"
Finished building: ../src/main.c
 
Building target: feed_chacah.elf
Invoking: MicroBlaze gcc linker
mb-gcc -Wl,-T -Wl,../src/lscript.ld -L../../feed_chacah_bsp/microblaze_0/lib -mlittle-endian -mcpu=v9.6 -mxl-soft-mul -Wl,--no-relax -o "feed_chacah.elf"  ./src/main.o   -Wl,--start-group,-lxil,-lgcc,-lc,--end-group
Finished building target: feed_chacah.elf
 
Invoking: MicroBlaze Print Size
mb-size feed_chacah.elf  |tee "feed_chacah.elf.size"
   text	   data	    bss	    dec	    hex	filename
   5628	    292	   3128	   9048	   2358	feed_chacah.elf
Finished building: feed_chacah.elf.size
 
14:26:58 **** Auto Build of configuration Debug for project feed_chacah ****
make all 
Building file: ../src/main.c
Invoking: MicroBlaze gcc compiler
mb-gcc -Wall -O0 -g3 -c -fmessage-length=0 -MT"src/main.o" -I../../feed_chacah_bsp/microblaze_0/include -mlittle-endian -mcpu=v9.6 -mxl-soft-mul -Wl,--no-relax -MMD -MP -MF"src/main.d" -MT"src/main.o" -o "src/main.o" "../src/main.c"
../src/main.c: In function 'encrypt':
../src/main.c:27:4: warning: implicit declaration of function 'microblaze_bwrite_datafsl' [-Wimplicit-function-declaration]
    microblaze_bwrite_datafsl(raw, 0);
    ^
Finished building: ../src/main.c
 
Building target: feed_chacah.elf
Invoking: MicroBlaze gcc linker
mb-gcc -Wl,-T -Wl,../src/lscript.ld -L../../feed_chacah_bsp/microblaze_0/lib -mlittle-endian -mcpu=v9.6 -mxl-soft-mul -Wl,--no-relax -o "feed_chacah.elf"  ./src/main.o   -Wl,--start-group,-lxil,-lgcc,-lc,--end-group
./src/main.o: In function `encrypt':
/home/torbjorn/development/vhdl/cifra/chacha_test2/chacha_test2.sdk/feed_chacah/Debug/../src/main.c:27: undefined reference to `microblaze_bwrite_datafsl'
makefile:36: recipe for target 'feed_chacah.elf' failed
collect2: error: ld returned 1 exit status
make: *** [feed_chacah.elf] Error 1
14:37:42 **** Auto Build of configuration Debug for project feed_chacah ****
make all 
Building file: ../src/main.c
Invoking: MicroBlaze gcc compiler
mb-gcc -Wall -O0 -g3 -c -fmessage-length=0 -MT"src/main.o" -I../../feed_chacah_bsp/microblaze_0/include -mlittle-endian -mcpu=v9.6 -mxl-soft-mul -Wl,--no-relax -MMD -MP -MF"src/main.d" -MT"src/main.o" -o "src/main.o" "../src/main.c"
../src/main.c:8:22: fatal error: platform.h: No such file or directory
compilation terminated.
make: *** [src/main.o] Error 1
src/subdir.mk:21: recipe for target 'src/main.o' failed
15:40:30 **** Auto Build of configuration Debug for project feed_chacah ****
make all 
Building file: ../src/main.c
Invoking: MicroBlaze gcc compiler
mb-gcc -Wall -O0 -g3 -c -fmessage-length=0 -MT"src/main.o" -I../../feed_chacah_bsp/microblaze_0/include -mlittle-endian -mcpu=v9.6 -mxl-soft-mul -Wl,--no-relax -MMD -MP -MF"src/main.d" -MT"src/main.o" -o "src/main.o" "../src/main.c"
../src/main.c: In function 'encrypt':
../src/main.c:27:4: warning: implicit declaration of function 'microblaze_bwrite_datafsl' [-Wimplicit-function-declaration]
    microblaze_bwrite_datafsl(raw, 0);
    ^
Finished building: ../src/main.c
 
Building target: feed_chacah.elf
Invoking: MicroBlaze gcc linker
mb-gcc -Wl,-T -Wl,../src/lscript.ld -L../../feed_chacah_bsp/microblaze_0/lib -mlittle-endian -mcpu=v9.6 -mxl-soft-mul -Wl,--no-relax -o "feed_chacah.elf"  ./src/main.o   -Wl,--start-group,-lxil,-lgcc,-lc,--end-group
./src/main.o: In function `encrypt':
/home/torbjorn/development/vhdl/cifra/chacha_test2/chacha_test2.sdk/feed_chacah/Debug/../src/main.c:27: undefined reference to `microblaze_bwrite_datafsl'
collect2: error: ld returned 1 exit status
make: *** [feed_chacah.elf] Error 1
makefile:36: recipe for target 'feed_chacah.elf' failed
15:44:39 **** Auto Build of configuration Debug for project feed_chacah ****
make all 
Building file: ../src/main.c
Invoking: MicroBlaze gcc compiler
mb-gcc -Wall -O0 -g3 -c -fmessage-length=0 -MT"src/main.o" -I../../feed_chacah_bsp/microblaze_0/include -mlittle-endian -mcpu=v9.6 -mxl-soft-mul -Wl,--no-relax -MMD -MP -MF"src/main.d" -MT"src/main.o" -o "src/main.o" "../src/main.c"
Finished building: ../src/main.c
 
Building target: feed_chacah.elf
Invoking: MicroBlaze gcc linker
mb-gcc -Wl,-T -Wl,../src/lscript.ld -L../../feed_chacah_bsp/microblaze_0/lib -mlittle-endian -mcpu=v9.6 -mxl-soft-mul -Wl,--no-relax -o "feed_chacah.elf"  ./src/main.o   -Wl,--start-group,-lxil,-lgcc,-lc,--end-group
Finished building target: feed_chacah.elf
 
Invoking: MicroBlaze Print Size
mb-size feed_chacah.elf  |tee "feed_chacah.elf.size"
   text	   data	    bss	    dec	    hex	filename
   5636	    292	   3128	   9056	   2360	feed_chacah.elf
Finished building: feed_chacah.elf.size
 
11:00:21 **** Auto Build of configuration Debug for project Feed_chacha ****
make all 
Building target: Feed_chacha.elf
Invoking: MicroBlaze gcc linker
mb-gcc -Wl,-T -Wl,../src/lscript.ld -L../../Feed_chacha_bsp/microblaze_0/lib -mlittle-endian -mcpu=v9.6 -mxl-soft-mul -Wl,--no-relax -o "Feed_chacha.elf"  ./src/example.o ./src/testperiph.o   -Wl,--start-group,-lxil,-lgcc,-lc,--end-group
./src/testperiph.o: In function `main':
/home/torbjorn/development/vhdl/cifra/chacha_test2/chacha_test2.sdk/Feed_chacha/Debug/../src/testperiph.c:13: multiple definition of `main'
makefile:36: recipe for target 'Feed_chacha.elf' failed
./src/example.o:/home/torbjorn/development/vhdl/cifra/chacha_test2/chacha_test2.sdk/Feed_chacha/Debug/../src/example.c:82: first defined here
collect2: error: ld returned 1 exit status
make: *** [Feed_chacha.elf] Error 1
11:00:21 **** Build of project feed_chacah_bsp ****
make -k all 
Running Make include in microblaze_0/libsrc/bram_v4_1/src
make -C microblaze_0/libsrc/bram_v4_1/src -s include  "SHELL=/bin/sh" "COMPILER=mb-gcc" "ARCHIVER=mb-ar" "COMPILER_FLAGS= -O2 -c -mcpu=v9.6 -mlittle-endian -mxl-soft-mul" "EXTRA_COMPILER_FLAGS=-g"
Running Make include in microblaze_0/libsrc/uartlite_v3_2/src
make -C microblaze_0/libsrc/uartlite_v3_2/src -s include  "SHELL=/bin/sh" "COMPILER=mb-gcc" "ARCHIVER=mb-ar" "COMPILER_FLAGS= -O2 -c -mcpu=v9.6 -mlittle-endian -mxl-soft-mul" "EXTRA_COMPILER_FLAGS=-g"
Running Make include in microblaze_0/libsrc/standalone_v5_5/src
make -C microblaze_0/libsrc/standalone_v5_5/src -s include  "SHELL=/bin/sh" "COMPILER=mb-gcc" "ARCHIVER=mb-ar" "COMPILER_FLAGS= -O2 -c -mcpu=v9.6 -mlittle-endian -mxl-soft-mul" "EXTRA_COMPILER_FLAGS=-g"
Running Make include in microblaze_0/libsrc/cpu_v2_5/src
make -C microblaze_0/libsrc/cpu_v2_5/src -s include  "SHELL=/bin/sh" "COMPILER=mb-gcc" "ARCHIVER=mb-ar" "COMPILER_FLAGS= -O2 -c -mcpu=v9.6 -mlittle-endian -mxl-soft-mul" "EXTRA_COMPILER_FLAGS=-g"
Running Make libs in microblaze_0/libsrc/bram_v4_1/src
make -C microblaze_0/libsrc/bram_v4_1/src -s libs  "SHELL=/bin/sh" "COMPILER=mb-gcc" "ARCHIVER=mb-ar" "COMPILER_FLAGS= -O2 -c -mcpu=v9.6 -mlittle-endian -mxl-soft-mul" "EXTRA_COMPILER_FLAGS=-g"
Compiling bram
Running Make libs in microblaze_0/libsrc/uartlite_v3_2/src
make -C microblaze_0/libsrc/uartlite_v3_2/src -s libs  "SHELL=/bin/sh" "COMPILER=mb-gcc" "ARCHIVER=mb-ar" "COMPILER_FLAGS= -O2 -c -mcpu=v9.6 -mlittle-endian -mxl-soft-mul" "EXTRA_COMPILER_FLAGS=-g"
Compiling uartlite
Running Make libs in microblaze_0/libsrc/standalone_v5_5/src
make -C microblaze_0/libsrc/standalone_v5_5/src -s libs  "SHELL=/bin/sh" "COMPILER=mb-gcc" "ARCHIVER=mb-ar" "COMPILER_FLAGS= -O2 -c -mcpu=v9.6 -mlittle-endian -mxl-soft-mul" "EXTRA_COMPILER_FLAGS=-g"
Compiling standalone
Running Make libs in microblaze_0/libsrc/cpu_v2_5/src
make -C microblaze_0/libsrc/cpu_v2_5/src -s libs  "SHELL=/bin/sh" "COMPILER=mb-gcc" "ARCHIVER=mb-ar" "COMPILER_FLAGS= -O2 -c -mcpu=v9.6 -mlittle-endian -mxl-soft-mul" "EXTRA_COMPILER_FLAGS=-g"
Compiling cpu
Finished building libraries
11:00:22 **** Clean-only build of configuration Debug for project feed_chacah ****
make clean 
rm -rf  ./src/main.o  ./src/main.d  feed_chacah.elf.size  feed_chacah.elf
 
11:00:23 **** Build of configuration Debug for project feed_chacah ****
make all 
Building file: ../src/main.c
Invoking: MicroBlaze gcc compiler
mb-gcc -Wall -O0 -g3 -c -fmessage-length=0 -MT"src/main.o" -I../../feed_chacah_bsp/microblaze_0/include -mlittle-endian -mcpu=v9.6 -mxl-soft-mul -Wl,--no-relax -MMD -MP -MF"src/main.d" -MT"src/main.o" -o "src/main.o" "../src/main.c"
In file included from ../../feed_chacah_bsp/microblaze_0/include/fsl.h:4:0,
                 from ../src/main.c:8:
../src/main.c: In function 'encrypt':
../src/main.c:33:29: error: 'enc' undeclared (first use in this function)
src/subdir.mk:21: recipe for target 'src/main.o' failed
    microblaze_bread_datafsl(enc[jindex], 0);
                             ^
../../feed_chacah_bsp/microblaze_0/include/mb_interface.h:81:84: note: in definition of macro 'getfsl'
 #define getfsl(val, id)         asm volatile ("get\t%0,rfsl" stringify(id) : "=d" (val))
                                                                                    ^
../src/main.c:33:4: note: in expansion of macro 'microblaze_bread_datafsl'
    microblaze_bread_datafsl(enc[jindex], 0);
    ^
../src/main.c:33:29: note: each undeclared identifier is reported only once for each function it appears in
    microblaze_bread_datafsl(enc[jindex], 0);
                             ^
../../feed_chacah_bsp/microblaze_0/include/mb_interface.h:81:84: note: in definition of macro 'getfsl'
 #define getfsl(val, id)         asm volatile ("get\t%0,rfsl" stringify(id) : "=d" (val))
                                                                                    ^
../src/main.c:33:4: note: in expansion of macro 'microblaze_bread_datafsl'
    microblaze_bread_datafsl(enc[jindex], 0);
    ^
../../feed_chacah_bsp/microblaze_0/include/mb_interface.h:81:33: error: invalid lvalue in asm output 0
 #define getfsl(val, id)         asm volatile ("get\t%0,rfsl" stringify(id) : "=d" (val))
                                 ^
../../feed_chacah_bsp/microblaze_0/include/mb_interface.h:418:49: note: in expansion of macro 'getfsl'
 #define microblaze_bread_datafsl(val, id)       getfsl(val,id)
                                                 ^
../src/main.c:33:4: note: in expansion of macro 'microblaze_bread_datafsl'
    microblaze_bread_datafsl(enc[jindex], 0);
    ^
make: *** [src/main.o] Error 1
11:00:48 **** Auto Build of configuration Debug for project feed_chacah ****
make all 
Building file: ../src/main.c
Invoking: MicroBlaze gcc compiler
mb-gcc -Wall -O0 -g3 -c -fmessage-length=0 -MT"src/main.o" -I../../feed_chacah_bsp/microblaze_0/include -mlittle-endian -mcpu=v9.6 -mxl-soft-mul -Wl,--no-relax -MMD -MP -MF"src/main.d" -MT"src/main.o" -o "src/main.o" "../src/main.c"
Finished building: ../src/main.c
 
Building target: feed_chacah.elf
Invoking: MicroBlaze gcc linker
mb-gcc -Wl,-T -Wl,../src/lscript.ld -L../../feed_chacah_bsp/microblaze_0/lib -mlittle-endian -mcpu=v9.6 -mxl-soft-mul -Wl,--no-relax -o "feed_chacah.elf"  ./src/main.o   -Wl,--start-group,-lxil,-lgcc,-lc,--end-group
Finished building target: feed_chacah.elf
 
Invoking: MicroBlaze Print Size
mb-size feed_chacah.elf  |tee "feed_chacah.elf.size"
   text	   data	    bss	    dec	    hex	filename
   5728	    292	   3124	   9144	   23b8	feed_chacah.elf
Finished building: feed_chacah.elf.size
 
11:01:59 **** Auto Build of configuration Debug for project feed_chacah ****
make all 
Building file: ../src/main.c
Invoking: MicroBlaze gcc compiler
mb-gcc -Wall -O0 -g3 -c -fmessage-length=0 -MT"src/main.o" -I../../feed_chacah_bsp/microblaze_0/include -mlittle-endian -mcpu=v9.6 -mxl-soft-mul -Wl,--no-relax -MMD -MP -MF"src/main.d" -MT"src/main.o" -o "src/main.o" "../src/main.c"
Finished building: ../src/main.c
 
Building target: feed_chacah.elf
Invoking: MicroBlaze gcc linker
mb-gcc -Wl,-T -Wl,../src/lscript.ld -L../../feed_chacah_bsp/microblaze_0/lib -mlittle-endian -mcpu=v9.6 -mxl-soft-mul -Wl,--no-relax -o "feed_chacah.elf"  ./src/main.o   -Wl,--start-group,-lxil,-lgcc,-lc,--end-group
Finished building target: feed_chacah.elf
 
Invoking: MicroBlaze Print Size
mb-size feed_chacah.elf  |tee "feed_chacah.elf.size"
   text	   data	    bss	    dec	    hex	filename
   5768	    292	   3124	   9184	   23e0	feed_chacah.elf
[...]
mb-gcc -Wall -O0 -g3 -c -fmessage-length=0 -MT"src/main.o" -I../../send_and_recive_chacha_bsp/microblaze_0/include -mlittle-endian -mcpu=v9.6 -mxl-soft-mul -Wl,--no-relax -MMD -MP -MF"src/main.d" -MT"src/main.o" -o "src/main.o" "../src/main.c"
../src/main.c: In function 'encrypt':
../src/main.c:65:16: warning: unused variable 'jindex' [-Wunused-variable]
     int index, jindex;
                ^
Finished building: ../src/main.c
 
Building file: ../src/test_sending.c
Invoking: MicroBlaze gcc compiler
mb-gcc -Wall -O0 -g3 -c -fmessage-length=0 -MT"src/test_sending.o" -I../../send_and_recive_chacha_bsp/microblaze_0/include -mlittle-endian -mcpu=v9.6 -mxl-soft-mul -Wl,--no-relax -MMD -MP -MF"src/test_sending.d" -MT"src/test_sending.o" -o "src/test_sending.o" "../src/test_sending.c"
Finished building: ../src/test_sending.c
 
Building target: send_and_recive_chacha.elf
Invoking: MicroBlaze gcc linker
mb-gcc -Wl,-T -Wl,../src/lscript.ld -L../../send_and_recive_chacha_bsp/microblaze_0/lib -mlittle-endian -mcpu=v9.6 -mxl-soft-mul -Wl,--no-relax -o "send_and_recive_chacha.elf"  ./src/main.o ./src/test_sending.o   -Wl,--start-group,-lxil,-lgcc,-lc,--end-group
Finished building target: send_and_recive_chacha.elf
 
Invoking: MicroBlaze Print Size
mb-size send_and_recive_chacha.elf  |tee "send_and_recive_chacha.elf.size"
   text	   data	    bss	    dec	    hex	filename
   7276	    292	   3128	  10696	   29c8	send_and_recive_chacha.elf
Finished building: send_and_recive_chacha.elf.size
 
16:31:14 **** Incremental Build of configuration Debug for project send_and_recive_chacha ****
make all 
make: Nothing to be done for 'all'.
16:31:32 **** Incremental Build of configuration Debug for project send_and_recive_chacha ****
make all 
make: Nothing to be done for 'all'.
16:54:51 **** Incremental Build of configuration Debug for project send_and_recive_chacha ****
make all 
make: Nothing to be done for 'all'.
16:56:12 **** Incremental Build of configuration Debug for project send_and_recive_chacha ****
make all 
make: Nothing to be done for 'all'.
16:56:31 **** Incremental Build of configuration Debug for project send_and_recive_chacha ****
make all 
make: Nothing to be done for 'all'.
16:56:55 **** Incremental Build of configuration Debug for project send_and_recive_chacha ****
make all 
make: Nothing to be done for 'all'.
16:57:27 **** Incremental Build of configuration Debug for project send_and_recive_chacha ****
make all 
make: Nothing to be done for 'all'.
16:57:48 **** Incremental Build of configuration Debug for project send_and_recive_chacha ****
make all 
make: Nothing to be done for 'all'.
16:58:49 **** Auto Build of project send_and_recive_chacha_bsp ****
make -k all 
Running Make include in microblaze_0/libsrc/bram_v4_1/src
make -C microblaze_0/libsrc/bram_v4_1/src -s include  "SHELL=/bin/sh" "COMPILER=mb-gcc" "ARCHIVER=mb-ar" "COMPILER_FLAGS= -O2 -c -mcpu=v9.6 -mlittle-endian -mxl-soft-mul" "EXTRA_COMPILER_FLAGS=-g"
Running Make include in microblaze_0/libsrc/uartlite_v3_2/src
make -C microblaze_0/libsrc/uartlite_v3_2/src -s include  "SHELL=/bin/sh" "COMPILER=mb-gcc" "ARCHIVER=mb-ar" "COMPILER_FLAGS= -O2 -c -mcpu=v9.6 -mlittle-endian -mxl-soft-mul" "EXTRA_COMPILER_FLAGS=-g"
Running Make include in microblaze_0/libsrc/standalone_v5_5/src
make -C microblaze_0/libsrc/standalone_v5_5/src -s include  "SHELL=/bin/sh" "COMPILER=mb-gcc" "ARCHIVER=mb-ar" "COMPILER_FLAGS= -O2 -c -mcpu=v9.6 -mlittle-endian -mxl-soft-mul" "EXTRA_COMPILER_FLAGS=-g"
Running Make include in microblaze_0/libsrc/cpu_v2_5/src
make -C microblaze_0/libsrc/cpu_v2_5/src -s include  "SHELL=/bin/sh" "COMPILER=mb-gcc" "ARCHIVER=mb-ar" "COMPILER_FLAGS= -O2 -c -mcpu=v9.6 -mlittle-endian -mxl-soft-mul" "EXTRA_COMPILER_FLAGS=-g"
Running Make libs in microblaze_0/libsrc/bram_v4_1/src
make -C microblaze_0/libsrc/bram_v4_1/src -s libs  "SHELL=/bin/sh" "COMPILER=mb-gcc" "ARCHIVER=mb-ar" "COMPILER_FLAGS= -O2 -c -mcpu=v9.6 -mlittle-endian -mxl-soft-mul" "EXTRA_COMPILER_FLAGS=-g"
Compiling bram
mb-ar: creating ../../../lib/libxil.a
Running Make libs in microblaze_0/libsrc/uartlite_v3_2/src
make -C microblaze_0/libsrc/uartlite_v3_2/src -s libs  "SHELL=/bin/sh" "COMPILER=mb-gcc" "ARCHIVER=mb-ar" "COMPILER_FLAGS= -O2 -c -mcpu=v9.6 -mlittle-endian -mxl-soft-mul" "EXTRA_COMPILER_FLAGS=-g"
Compiling uartlite
Running Make libs in microblaze_0/libsrc/standalone_v5_5/src
make -C microblaze_0/libsrc/standalone_v5_5/src -s libs  "SHELL=/bin/sh" "COMPILER=mb-gcc" "ARCHIVER=mb-ar" "COMPILER_FLAGS= -O2 -c -mcpu=v9.6 -mlittle-endian -mxl-soft-mul" "EXTRA_COMPILER_FLAGS=-g"
Compiling standalone
Running Make libs in microblaze_0/libsrc/cpu_v2_5/src
make -C microblaze_0/libsrc/cpu_v2_5/src -s libs  "SHELL=/bin/sh" "COMPILER=mb-gcc" "ARCHIVER=mb-ar" "COMPILER_FLAGS= -O2 -c -mcpu=v9.6 -mlittle-endian -mxl-soft-mul" "EXTRA_COMPILER_FLAGS=-g"
Compiling cpu
Finished building libraries
16:58:52 **** Auto Build of configuration Debug for project send_and_recive_chacha ****
make all 
Building file: ../src/main.c
Invoking: MicroBlaze gcc compiler
mb-gcc -Wall -O0 -g3 -c -fmessage-length=0 -MT"src/main.o" -I../../send_and_recive_chacha_bsp/microblaze_0/include -mlittle-endian -mcpu=v9.6 -mxl-soft-mul -Wl,--no-relax -MMD -MP -MF"src/main.d" -MT"src/main.o" -o "src/main.o" "../src/main.c"
../src/main.c: In function 'encrypt':
../src/main.c:65:16: warning: unused variable 'jindex' [-Wunused-variable]
     int index, jindex;
                ^
Finished building: ../src/main.c
 
Building file: ../src/test_sending.c
Invoking: MicroBlaze gcc compiler
mb-gcc -Wall -O0 -g3 -c -fmessage-length=0 -MT"src/test_sending.o" -I../../send_and_recive_chacha_bsp/microblaze_0/include -mlittle-endian -mcpu=v9.6 -mxl-soft-mul -Wl,--no-relax -MMD -MP -MF"src/test_sending.d" -MT"src/test_sending.o" -o "src/test_sending.o" "../src/test_sending.c"
Finished building: ../src/test_sending.c
 
Building target: send_and_recive_chacha.elf
Invoking: MicroBlaze gcc linker
mb-gcc -Wl,-T -Wl,../src/lscript.ld -L../../send_and_recive_chacha_bsp/microblaze_0/lib -mlittle-endian -mcpu=v9.6 -mxl-soft-mul -Wl,--no-relax -o "send_and_recive_chacha.elf"  ./src/main.o ./src/test_sending.o   -Wl,--start-group,-lxil,-lgcc,-lc,--end-group
Finished building target: send_and_recive_chacha.elf
 
Invoking: MicroBlaze Print Size
mb-size send_and_recive_chacha.elf  |tee "send_and_recive_chacha.elf.size"
   text	   data	    bss	    dec	    hex	filename
   7276	    292	   3128	  10696	   29c8	send_and_recive_chacha.elf
Finished building: send_and_recive_chacha.elf.size
 
16:58:59 **** Incremental Build of configuration Debug for project send_and_recive_chacha ****
make all 
make: Nothing to be done for 'all'.
17:03:47 **** Auto Build of project send_and_recive_chacha_bsp ****
make -k all 
Running Make include in microblaze_0/libsrc/bram_v4_1/src
make -C microblaze_0/libsrc/bram_v4_1/src -s include  "SHELL=/bin/sh" "COMPILER=mb-gcc" "ARCHIVER=mb-ar" "COMPILER_FLAGS= -O2 -c -mcpu=v9.6 -mlittle-endian -mxl-soft-mul" "EXTRA_COMPILER_FLAGS=-g"
Running Make include in microblaze_0/libsrc/uartlite_v3_2/src
make -C microblaze_0/libsrc/uartlite_v3_2/src -s include  "SHELL=/bin/sh" "COMPILER=mb-gcc" "ARCHIVER=mb-ar" "COMPILER_FLAGS= -O2 -c -mcpu=v9.6 -mlittle-endian -mxl-soft-mul" "EXTRA_COMPILER_FLAGS=-g"
Running Make include in microblaze_0/libsrc/standalone_v5_5/src
make -C microblaze_0/libsrc/standalone_v5_5/src -s include  "SHELL=/bin/sh" "COMPILER=mb-gcc" "ARCHIVER=mb-ar" "COMPILER_FLAGS= -O2 -c -mcpu=v9.6 -mlittle-endian -mxl-soft-mul" "EXTRA_COMPILER_FLAGS=-g"
Running Make include in microblaze_0/libsrc/cpu_v2_5/src
make -C microblaze_0/libsrc/cpu_v2_5/src -s include  "SHELL=/bin/sh" "COMPILER=mb-gcc" "ARCHIVER=mb-ar" "COMPILER_FLAGS= -O2 -c -mcpu=v9.6 -mlittle-endian -mxl-soft-mul" "EXTRA_COMPILER_FLAGS=-g"
Running Make libs in microblaze_0/libsrc/bram_v4_1/src
make -C microblaze_0/libsrc/bram_v4_1/src -s libs  "SHELL=/bin/sh" "COMPILER=mb-gcc" "ARCHIVER=mb-ar" "COMPILER_FLAGS= -O2 -c -mcpu=v9.6 -mlittle-endian -mxl-soft-mul" "EXTRA_COMPILER_FLAGS=-g"
Compiling bram
mb-ar: creating ../../../lib/libxil.a
Running Make libs in microblaze_0/libsrc/uartlite_v3_2/src
make -C microblaze_0/libsrc/uartlite_v3_2/src -s libs  "SHELL=/bin/sh" "COMPILER=mb-gcc" "ARCHIVER=mb-ar" "COMPILER_FLAGS= -O2 -c -mcpu=v9.6 -mlittle-endian -mxl-soft-mul" "EXTRA_COMPILER_FLAGS=-g"
Compiling uartlite
Running Make libs in microblaze_0/libsrc/standalone_v5_5/src
make -C microblaze_0/libsrc/standalone_v5_5/src -s libs  "SHELL=/bin/sh" "COMPILER=mb-gcc" "ARCHIVER=mb-ar" "COMPILER_FLAGS= -O2 -c -mcpu=v9.6 -mlittle-endian -mxl-soft-mul" "EXTRA_COMPILER_FLAGS=-g"
Compiling standalone
Running Make libs in microblaze_0/libsrc/cpu_v2_5/src
make -C microblaze_0/libsrc/cpu_v2_5/src -s libs  "SHELL=/bin/sh" "COMPILER=mb-gcc" "ARCHIVER=mb-ar" "COMPILER_FLAGS= -O2 -c -mcpu=v9.6 -mlittle-endian -mxl-soft-mul" "EXTRA_COMPILER_FLAGS=-g"
Compiling cpu
Finished building libraries
17:03:49 **** Auto Build of configuration Debug for project send_and_recive_chacha ****
make all 
Building file: ../src/main.c
Invoking: MicroBlaze gcc compiler
mb-gcc -Wall -O0 -g3 -c -fmessage-length=0 -MT"src/main.o" -I../../send_and_recive_chacha_bsp/microblaze_0/include -mlittle-endian -mcpu=v9.6 -mxl-soft-mul -Wl,--no-relax -MMD -MP -MF"src/main.d" -MT"src/main.o" -o "src/main.o" "../src/main.c"
../src/main.c: In function 'encrypt':
../src/main.c:65:16: warning: unused variable 'jindex' [-Wunused-variable]
     int index, jindex;
                ^
Finished building: ../src/main.c
 
Building file: ../src/test_sending.c
Invoking: MicroBlaze gcc compiler
mb-gcc -Wall -O0 -g3 -c -fmessage-length=0 -MT"src/test_sending.o" -I../../send_and_recive_chacha_bsp/microblaze_0/include -mlittle-endian -mcpu=v9.6 -mxl-soft-mul -Wl,--no-relax -MMD -MP -MF"src/test_sending.d" -MT"src/test_sending.o" -o "src/test_sending.o" "../src/test_sending.c"
Finished building: ../src/test_sending.c
 
Building target: send_and_recive_chacha.elf
Invoking: MicroBlaze gcc linker
mb-gcc -Wl,-T -Wl,../src/lscript.ld -L../../send_and_recive_chacha_bsp/microblaze_0/lib -mlittle-endian -mcpu=v9.6 -mxl-soft-mul -Wl,--no-relax -o "send_and_recive_chacha.elf"  ./src/main.o ./src/test_sending.o   -Wl,--start-group,-lxil,-lgcc,-lc,--end-group
Finished building target: send_and_recive_chacha.elf
 
Invoking: MicroBlaze Print Size
mb-size send_and_recive_chacha.elf  |tee "send_and_recive_chacha.elf.size"
   text	   data	    bss	    dec	    hex	filename
   7276	    292	   3128	  10696	   29c8	send_and_recive_chacha.elf
Finished building: send_and_recive_chacha.elf.size
 
17:04:11 **** Auto Build of configuration Debug for project send_and_recive_chacha ****
make all 
Building file: ../src/main.c
Invoking: MicroBlaze gcc compiler
mb-gcc -Wall -O0 -g3 -c -fmessage-length=0 -MT"src/main.o" -I../../send_and_recive_chacha_bsp/microblaze_0/include -mlittle-endian -mcpu=v9.6 -mxl-soft-mul -Wl,--no-relax -MMD -MP -MF"src/main.d" -MT"src/main.o" -o "src/main.o" "../src/main.c"
Finished building: ../src/main.c
 
Building target: send_and_recive_chacha.elf
Invoking: MicroBlaze gcc linker
mb-gcc -Wl,-T -Wl,../src/lscript.ld -L../../send_and_recive_chacha_bsp/microblaze_0/lib -mlittle-endian -mcpu=v9.6 -mxl-soft-mul -Wl,--no-relax -o "send_and_recive_chacha.elf"  ./src/main.o ./src/test_sending.o   -Wl,--start-group,-lxil,-lgcc,-lc,--end-group
Finished building target: send_and_recive_chacha.elf
 
Invoking: MicroBlaze Print Size
mb-size send_and_recive_chacha.elf  |tee "send_and_recive_chacha.elf.size"
   text	   data	    bss	    dec	    hex	filename
   7276	    292	   3128	  10696	   29c8	send_and_recive_chacha.elf
Finished building: send_and_recive_chacha.elf.size
 
17:04:42 **** Incremental Build of configuration Debug for project send_and_recive_chacha ****
make all 
make: Nothing to be done for 'all'.
17:05:24 **** Auto Build of project send_and_recive_chacha_bsp ****
make -k all 
Running Make include in microblaze_0/libsrc/bram_v4_1/src
make -C microblaze_0/libsrc/bram_v4_1/src -s include  "SHELL=/bin/sh" "COMPILER=mb-gcc" "ARCHIVER=mb-ar" "COMPILER_FLAGS= -O2 -c -mcpu=v9.6 -mlittle-endian -mxl-soft-mul" "EXTRA_COMPILER_FLAGS=-g"
Running Make include in microblaze_0/libsrc/uartlite_v3_2/src
make -C microblaze_0/libsrc/uartlite_v3_2/src -s include  "SHELL=/bin/sh" "COMPILER=mb-gcc" "ARCHIVER=mb-ar" "COMPILER_FLAGS= -O2 -c -mcpu=v9.6 -mlittle-endian -mxl-soft-mul" "EXTRA_COMPILER_FLAGS=-g"
Running Make include in microblaze_0/libsrc/standalone_v5_5/src
make -C microblaze_0/libsrc/standalone_v5_5/src -s include  "SHELL=/bin/sh" "COMPILER=mb-gcc" "ARCHIVER=mb-ar" "COMPILER_FLAGS= -O2 -c -mcpu=v9.6 -mlittle-endian -mxl-soft-mul" "EXTRA_COMPILER_FLAGS=-g"
Running Make include in microblaze_0/libsrc/cpu_v2_5/src
make -C microblaze_0/libsrc/cpu_v2_5/src -s include  "SHELL=/bin/sh" "COMPILER=mb-gcc" "ARCHIVER=mb-ar" "COMPILER_FLAGS= -O2 -c -mcpu=v9.6 -mlittle-endian -mxl-soft-mul" "EXTRA_COMPILER_FLAGS=-g"
Running Make libs in microblaze_0/libsrc/bram_v4_1/src
make -C microblaze_0/libsrc/bram_v4_1/src -s libs  "SHELL=/bin/sh" "COMPILER=mb-gcc" "ARCHIVER=mb-ar" "COMPILER_FLAGS= -O2 -c -mcpu=v9.6 -mlittle-endian -mxl-soft-mul" "EXTRA_COMPILER_FLAGS=-g"
Compiling bram
mb-ar: creating ../../../lib/libxil.a
Running Make libs in microblaze_0/libsrc/uartlite_v3_2/src
make -C microblaze_0/libsrc/uartlite_v3_2/src -s libs  "SHELL=/bin/sh" "COMPILER=mb-gcc" "ARCHIVER=mb-ar" "COMPILER_FLAGS= -O2 -c -mcpu=v9.6 -mlittle-endian -mxl-soft-mul" "EXTRA_COMPILER_FLAGS=-g"
Compiling uartlite
Running Make libs in microblaze_0/libsrc/standalone_v5_5/src
make -C microblaze_0/libsrc/standalone_v5_5/src -s libs  "SHELL=/bin/sh" "COMPILER=mb-gcc" "ARCHIVER=mb-ar" "COMPILER_FLAGS= -O2 -c -mcpu=v9.6 -mlittle-endian -mxl-soft-mul" "EXTRA_COMPILER_FLAGS=-g"
Compiling standalone
Running Make libs in microblaze_0/libsrc/cpu_v2_5/src
make -C microblaze_0/libsrc/cpu_v2_5/src -s libs  "SHELL=/bin/sh" "COMPILER=mb-gcc" "ARCHIVER=mb-ar" "COMPILER_FLAGS= -O2 -c -mcpu=v9.6 -mlittle-endian -mxl-soft-mul" "EXTRA_COMPILER_FLAGS=-g"
Compiling cpu
Finished building libraries
17:05:26 **** Auto Build of configuration Debug for project send_and_recive_chacha ****
make all 
Building file: ../src/main.c
Invoking: MicroBlaze gcc compiler
mb-gcc -Wall -O0 -g3 -c -fmessage-length=0 -MT"src/main.o" -I../../send_and_recive_chacha_bsp/microblaze_0/include -mlittle-endian -mcpu=v9.6 -mxl-soft-mul -Wl,--no-relax -MMD -MP -MF"src/main.d" -MT"src/main.o" -o "src/main.o" "../src/main.c"
Finished building: ../src/main.c
 
Building file: ../src/test_sending.c
Invoking: MicroBlaze gcc compiler
mb-gcc -Wall -O0 -g3 -c -fmessage-length=0 -MT"src/test_sending.o" -I../../send_and_recive_chacha_bsp/microblaze_0/include -mlittle-endian -mcpu=v9.6 -mxl-soft-mul -Wl,--no-relax -MMD -MP -MF"src/test_sending.d" -MT"src/test_sending.o" -o "src/test_sending.o" "../src/test_sending.c"
Finished building: ../src/test_sending.c
 
Building target: send_and_recive_chacha.elf
Invoking: MicroBlaze gcc linker
mb-gcc -Wl,-T -Wl,../src/lscript.ld -L../../send_and_recive_chacha_bsp/microblaze_0/lib -mlittle-endian -mcpu=v9.6 -mxl-soft-mul -Wl,--no-relax -o "send_and_recive_chacha.elf"  ./src/main.o ./src/test_sending.o   -Wl,--start-group,-lxil,-lgcc,-lc,--end-group
Finished building target: send_and_recive_chacha.elf
 
Invoking: MicroBlaze Print Size
mb-size send_and_recive_chacha.elf  |tee "send_and_recive_chacha.elf.size"
   text	   data	    bss	    dec	    hex	filename
   7276	    292	   3128	  10696	   29c8	send_and_recive_chacha.elf
Finished building: send_and_recive_chacha.elf.size
 
17:05:38 **** Incremental Build of configuration Debug for project send_and_recive_chacha ****
make all 
make: Nothing to be done for 'all'.
17:05:59 **** Incremental Build of configuration Debug for project send_and_recive_chacha ****
make all 
make: Nothing to be done for 'all'.
17:22:10 **** Auto Build of project send_and_recive_chacha_bsp ****
make -k all 
Running Make include in microblaze_0/libsrc/bram_v4_1/src
make -C microblaze_0/libsrc/bram_v4_1/src -s include  "SHELL=/bin/sh" "COMPILER=mb-gcc" "ARCHIVER=mb-ar" "COMPILER_FLAGS= -O2 -c -mcpu=v9.6 -mlittle-endian -mxl-soft-mul" "EXTRA_COMPILER_FLAGS=-g"
Running Make include in microblaze_0/libsrc/uartlite_v3_2/src
make -C microblaze_0/libsrc/uartlite_v3_2/src -s include  "SHELL=/bin/sh" "COMPILER=mb-gcc" "ARCHIVER=mb-ar" "COMPILER_FLAGS= -O2 -c -mcpu=v9.6 -mlittle-endian -mxl-soft-mul" "EXTRA_COMPILER_FLAGS=-g"
Running Make include in microblaze_0/libsrc/standalone_v5_5/src
make -C microblaze_0/libsrc/standalone_v5_5/src -s include  "SHELL=/bin/sh" "COMPILER=mb-gcc" "ARCHIVER=mb-ar" "COMPILER_FLAGS= -O2 -c -mcpu=v9.6 -mlittle-endian -mxl-soft-mul" "EXTRA_COMPILER_FLAGS=-g"
Running Make include in microblaze_0/libsrc/cpu_v2_5/src
make -C microblaze_0/libsrc/cpu_v2_5/src -s include  "SHELL=/bin/sh" "COMPILER=mb-gcc" "ARCHIVER=mb-ar" "COMPILER_FLAGS= -O2 -c -mcpu=v9.6 -mlittle-endian -mxl-soft-mul" "EXTRA_COMPILER_FLAGS=-g"
Running Make libs in microblaze_0/libsrc/bram_v4_1/src
make -C microblaze_0/libsrc/bram_v4_1/src -s libs  "SHELL=/bin/sh" "COMPILER=mb-gcc" "ARCHIVER=mb-ar" "COMPILER_FLAGS= -O2 -c -mcpu=v9.6 -mlittle-endian -mxl-soft-mul" "EXTRA_COMPILER_FLAGS=-g"
Compiling bram
mb-ar: creating ../../../lib/libxil.a
Running Make libs in microblaze_0/libsrc/uartlite_v3_2/src
make -C microblaze_0/libsrc/uartlite_v3_2/src -s libs  "SHELL=/bin/sh" "COMPILER=mb-gcc" "ARCHIVER=mb-ar" "COMPILER_FLAGS= -O2 -c -mcpu=v9.6 -mlittle-endian -mxl-soft-mul" "EXTRA_COMPILER_FLAGS=-g"
Compiling uartlite
Running Make libs in microblaze_0/libsrc/standalone_v5_5/src
make -C microblaze_0/libsrc/standalone_v5_5/src -s libs  "SHELL=/bin/sh" "COMPILER=mb-gcc" "ARCHIVER=mb-ar" "COMPILER_FLAGS= -O2 -c -mcpu=v9.6 -mlittle-endian -mxl-soft-mul" "EXTRA_COMPILER_FLAGS=-g"
Compiling standalone
Running Make libs in microblaze_0/libsrc/cpu_v2_5/src
make -C microblaze_0/libsrc/cpu_v2_5/src -s libs  "SHELL=/bin/sh" "COMPILER=mb-gcc" "ARCHIVER=mb-ar" "COMPILER_FLAGS= -O2 -c -mcpu=v9.6 -mlittle-endian -mxl-soft-mul" "EXTRA_COMPILER_FLAGS=-g"
Compiling cpu
Finished building libraries
17:22:12 **** Auto Build of configuration Debug for project send_and_recive_chacha ****
make all 
Building file: ../src/main.c
Invoking: MicroBlaze gcc compiler
mb-gcc -Wall -O0 -g3 -c -fmessage-length=0 -MT"src/main.o" -I../../send_and_recive_chacha_bsp/microblaze_0/include -mlittle-endian -mcpu=v9.6 -mxl-soft-mul -Wl,--no-relax -MMD -MP -MF"src/main.d" -MT"src/main.o" -o "src/main.o" "../src/main.c"
Finished building: ../src/main.c
 
Building file: ../src/test_sending.c
Invoking: MicroBlaze gcc compiler
mb-gcc -Wall -O0 -g3 -c -fmessage-length=0 -MT"src/test_sending.o" -I../../send_and_recive_chacha_bsp/microblaze_0/include -mlittle-endian -mcpu=v9.6 -mxl-soft-mul -Wl,--no-relax -MMD -MP -MF"src/test_sending.d" -MT"src/test_sending.o" -o "src/test_sending.o" "../src/test_sending.c"
Finished building: ../src/test_sending.c
 
Building target: send_and_recive_chacha.elf
Invoking: MicroBlaze gcc linker
mb-gcc -Wl,-T -Wl,../src/lscript.ld -L../../send_and_recive_chacha_bsp/microblaze_0/lib -mlittle-endian -mcpu=v9.6 -mxl-soft-mul -Wl,--no-relax -o "send_and_recive_chacha.elf"  ./src/main.o ./src/test_sending.o   -Wl,--start-group,-lxil,-lgcc,-lc,--end-group
Finished building target: send_and_recive_chacha.elf
 
Invoking: MicroBlaze Print Size
mb-size send_and_recive_chacha.elf  |tee "send_and_recive_chacha.elf.size"
   text	   data	    bss	    dec	    hex	filename
   7276	    292	   3128	  10696	   29c8	send_and_recive_chacha.elf
Finished building: send_and_recive_chacha.elf.size
 
17:22:47 **** Incremental Build of configuration Debug for project send_and_recive_chacha ****
make all 
make: Nothing to be done for 'all'.
17:26:03 **** Incremental Build of configuration Debug for project send_and_recive_chacha ****
make all 
make: Nothing to be done for 'all'.
